
 RUN  v3.2.7 /home/codi/Entwicklung/condyn-admin

stdout | test/career-persistence-semantic-integrity.test.ts > CONDYN Career Analysis Protocol v4.0 - PHASE 4: PERSISTENCE SEMANTIC INTEGRITY (TEST004A) > A. overall_confidence exists -> exact value persists and reloads
{
  severity_local: 'NOTICE',
  severity: 'NOTICE',
  code: '42P07',
  message: 'relation "career_analyses" already exists, skipping',
  file: 'parse_utilcmd.c',
  line: '207',
  routine: 'transformCreateStmt'
}

stdout | test/career-persistence-semantic-integrity.test.ts > CONDYN Career Analysis Protocol v4.0 - PHASE 4: PERSISTENCE SEMANTIC INTEGRITY (TEST004A) > A. overall_confidence exists -> exact value persists and reloads
{
  severity_local: 'NOTICE',
  severity: 'NOTICE',
  code: '42P07',
  message: 'relation "career_recommendations" already exists, skipping',
  file: 'parse_utilcmd.c',
  line: '207',
  routine: 'transformCreateStmt'
}

stdout | test/career-persistence-semantic-integrity.test.ts > CONDYN Career Analysis Protocol v4.0 - PHASE 4: PERSISTENCE SEMANTIC INTEGRITY (TEST004A) > A. overall_confidence exists -> exact value persists and reloads
{
  severity_local: 'NOTICE',
  severity: 'NOTICE',
  code: '42P07',
  message: 'relation "career_decisions" already exists, skipping',
  file: 'parse_utilcmd.c',
  line: '207',
  routine: 'transformCreateStmt'
}

stdout | test/career-persistence-semantic-integrity.test.ts > CONDYN Career Analysis Protocol v4.0 - PHASE 4: PERSISTENCE SEMANTIC INTEGRITY (TEST004A) > A. overall_confidence exists -> exact value persists and reloads
{
  severity_local: 'NOTICE',
  severity: 'NOTICE',
  code: '42P07',
  message: 'relation "career_commitments" already exists, skipping',
  file: 'parse_utilcmd.c',
  line: '207',
  routine: 'transformCreateStmt'
}

stdout | test/career-persistence-semantic-integrity.test.ts > CONDYN Career Analysis Protocol v4.0 - PHASE 4: PERSISTENCE SEMANTIC INTEGRITY (TEST004A) > A. overall_confidence exists -> exact value persists and reloads
{
  severity_local: 'NOTICE',
  severity: 'NOTICE',
  code: '42P07',
  message: 'relation "career_actions" already exists, skipping',
  file: 'parse_utilcmd.c',
  line: '207',
  routine: 'transformCreateStmt'
}

stdout | test/career-persistence-semantic-integrity.test.ts > CONDYN Career Analysis Protocol v4.0 - PHASE 4: PERSISTENCE SEMANTIC INTEGRITY (TEST004A) > A. overall_confidence exists -> exact value persists and reloads
{
  severity_local: 'NOTICE',
  severity: 'NOTICE',
  code: '42P07',
  message: 'relation "career_outcomes" already exists, skipping',
  file: 'parse_utilcmd.c',
  line: '207',
  routine: 'transformCreateStmt'
}

stdout | test/career-persistence-semantic-integrity.test.ts > CONDYN Career Analysis Protocol v4.0 - PHASE 4: PERSISTENCE SEMANTIC INTEGRITY (TEST004A) > A. overall_confidence exists -> exact value persists and reloads
{
  severity_local: 'NOTICE',
  severity: 'NOTICE',
  code: '42P07',
  message: 'relation "career_feedback" already exists, skipping',
  file: 'parse_utilcmd.c',
  line: '207',
  routine: 'transformCreateStmt'
}

stdout | test/career-persistence-semantic-integrity.test.ts > CONDYN Career Analysis Protocol v4.0 - PHASE 4: PERSISTENCE SEMANTIC INTEGRITY (TEST004A) > A. overall_confidence exists -> exact value persists and reloads
{
  severity_local: 'NOTICE',
  severity: 'NOTICE',
  code: '42P07',
  message: 'relation "career_attributions" already exists, skipping',
  file: 'parse_utilcmd.c',
  line: '207',
  routine: 'transformCreateStmt'
}

stdout | test/career-persistence-semantic-integrity.test.ts > CONDYN Career Analysis Protocol v4.0 - PHASE 4: PERSISTENCE SEMANTIC INTEGRITY (TEST004A) > A. overall_confidence exists -> exact value persists and reloads
{
  severity_local: 'NOTICE',
  severity: 'NOTICE',
  code: '42P07',
  message: 'relation "career_policy_versions" already exists, skipping',
  file: 'parse_utilcmd.c',
  line: '207',
  routine: 'transformCreateStmt'
}

stdout | test/career-persistence-semantic-integrity.test.ts > CONDYN Career Analysis Protocol v4.0 - PHASE 4: PERSISTENCE SEMANTIC INTEGRITY (TEST004A) > A. overall_confidence exists -> exact value persists and reloads
{
  severity_local: 'NOTICE',
  severity: 'NOTICE',
  code: '42P07',
  message: 'relation "career_policy_families" already exists, skipping',
  file: 'parse_utilcmd.c',
  line: '207',
  routine: 'transformCreateStmt'
}

stdout | test/career-persistence-semantic-integrity.test.ts > CONDYN Career Analysis Protocol v4.0 - PHASE 4: PERSISTENCE SEMANTIC INTEGRITY (TEST004A) > A. overall_confidence exists -> exact value persists and reloads
{
  severity_local: 'NOTICE',
  severity: 'NOTICE',
  code: '42P07',
  message: 'relation "career_policy_promotions" already exists, skipping',
  file: 'parse_utilcmd.c',
  line: '207',
  routine: 'transformCreateStmt'
}

stdout | test/career-persistence-semantic-integrity.test.ts > CONDYN Career Analysis Protocol v4.0 - PHASE 4: PERSISTENCE SEMANTIC INTEGRITY (TEST004A) > A. overall_confidence exists -> exact value persists and reloads
{
  severity_local: 'NOTICE',
  severity: 'NOTICE',
  code: '42P07',
  message: 'relation "career_learning_proposals" already exists, skipping',
  file: 'parse_utilcmd.c',
  line: '207',
  routine: 'transformCreateStmt'
}

stdout | test/career-persistence-semantic-integrity.test.ts > CONDYN Career Analysis Protocol v4.0 - PHASE 4: PERSISTENCE SEMANTIC INTEGRITY (TEST004A) > A. overall_confidence exists -> exact value persists and reloads
{
  severity_local: 'NOTICE',
  severity: 'NOTICE',
  code: '42P07',
  message: 'relation "career_policy_evaluations" already exists, skipping',
  file: 'parse_utilcmd.c',
  line: '207',
  routine: 'transformCreateStmt'
}

stdout | test/career-persistence-semantic-integrity.test.ts > CONDYN Career Analysis Protocol v4.0 - PHASE 4: PERSISTENCE SEMANTIC INTEGRITY (TEST004A) > B. overall_confidence absent -> remains absent/null
{
  severity_local: 'NOTICE',
  severity: 'NOTICE',
  code: '42P07',
  message: 'relation "career_analyses" already exists, skipping',
  file: 'parse_utilcmd.c',
  line: '207',
  routine: 'transformCreateStmt'
}

stdout | test/career-persistence-semantic-integrity.test.ts > CONDYN Career Analysis Protocol v4.0 - PHASE 4: PERSISTENCE SEMANTIC INTEGRITY (TEST004A) > B. overall_confidence absent -> remains absent/null
{
  severity_local: 'NOTICE',
  severity: 'NOTICE',
  code: '42P07',
  message: 'relation "career_recommendations" already exists, skipping',
  file: 'parse_utilcmd.c',
  line: '207',
  routine: 'transformCreateStmt'
}

stdout | test/career-persistence-semantic-integrity.test.ts > CONDYN Career Analysis Protocol v4.0 - PHASE 4: PERSISTENCE SEMANTIC INTEGRITY (TEST004A) > B. overall_confidence absent -> remains absent/null
{
  severity_local: 'NOTICE',
  severity: 'NOTICE',
  code: '42P07',
  message: 'relation "career_decisions" already exists, skipping',
  file: 'parse_utilcmd.c',
  line: '207',
  routine: 'transformCreateStmt'
}

stdout | test/career-persistence-semantic-integrity.test.ts > CONDYN Career Analysis Protocol v4.0 - PHASE 4: PERSISTENCE SEMANTIC INTEGRITY (TEST004A) > B. overall_confidence absent -> remains absent/null
{
  severity_local: 'NOTICE',
  severity: 'NOTICE',
  code: '42P07',
  message: 'relation "career_commitments" already exists, skipping',
  file: 'parse_utilcmd.c',
  line: '207',
  routine: 'transformCreateStmt'
}

stdout | test/career-persistence-semantic-integrity.test.ts > CONDYN Career Analysis Protocol v4.0 - PHASE 4: PERSISTENCE SEMANTIC INTEGRITY (TEST004A) > B. overall_confidence absent -> remains absent/null
{
  severity_local: 'NOTICE',
  severity: 'NOTICE',
  code: '42P07',
  message: 'relation "career_actions" already exists, skipping',
  file: 'parse_utilcmd.c',
  line: '207',
  routine: 'transformCreateStmt'
}

stdout | test/career-persistence-semantic-integrity.test.ts > CONDYN Career Analysis Protocol v4.0 - PHASE 4: PERSISTENCE SEMANTIC INTEGRITY (TEST004A) > B. overall_confidence absent -> remains absent/null
{
  severity_local: 'NOTICE',
  severity: 'NOTICE',
  code: '42P07',
  message: 'relation "career_outcomes" already exists, skipping',
  file: 'parse_utilcmd.c',
  line: '207',
  routine: 'transformCreateStmt'
}

stdout | test/career-persistence-semantic-integrity.test.ts > CONDYN Career Analysis Protocol v4.0 - PHASE 4: PERSISTENCE SEMANTIC INTEGRITY (TEST004A) > B. overall_confidence absent -> remains absent/null
{
  severity_local: 'NOTICE',
  severity: 'NOTICE',
  code: '42P07',
  message: 'relation "career_feedback" already exists, skipping',
  file: 'parse_utilcmd.c',
  line: '207',
  routine: 'transformCreateStmt'
}

stdout | test/career-persistence-semantic-integrity.test.ts > CONDYN Career Analysis Protocol v4.0 - PHASE 4: PERSISTENCE SEMANTIC INTEGRITY (TEST004A) > B. overall_confidence absent -> remains absent/null
{
  severity_local: 'NOTICE',
  severity: 'NOTICE',
  code: '42P07',
  message: 'relation "career_attributions" already exists, skipping',
  file: 'parse_utilcmd.c',
  line: '207',
  routine: 'transformCreateStmt'
}

stdout | test/career-persistence-semantic-integrity.test.ts > CONDYN Career Analysis Protocol v4.0 - PHASE 4: PERSISTENCE SEMANTIC INTEGRITY (TEST004A) > B. overall_confidence absent -> remains absent/null
{
  severity_local: 'NOTICE',
  severity: 'NOTICE',
  code: '42P07',
  message: 'relation "career_policy_versions" already exists, skipping',
  file: 'parse_utilcmd.c',
  line: '207',
  routine: 'transformCreateStmt'
}

stdout | test/career-persistence-semantic-integrity.test.ts > CONDYN Career Analysis Protocol v4.0 - PHASE 4: PERSISTENCE SEMANTIC INTEGRITY (TEST004A) > B. overall_confidence absent -> remains absent/null
{
  severity_local: 'NOTICE',
  severity: 'NOTICE',
  code: '42P07',
  message: 'relation "career_policy_families" already exists, skipping',
  file: 'parse_utilcmd.c',
  line: '207',
  routine: 'transformCreateStmt'
}

stdout | test/career-persistence-semantic-integrity.test.ts > CONDYN Career Analysis Protocol v4.0 - PHASE 4: PERSISTENCE SEMANTIC INTEGRITY (TEST004A) > B. overall_confidence absent -> remains absent/null
{
  severity_local: 'NOTICE',
  severity: 'NOTICE',
  code: '42P07',
  message: 'relation "career_policy_promotions" already exists, skipping',
  file: 'parse_utilcmd.c',
  line: '207',
  routine: 'transformCreateStmt'
}

stdout | test/career-persistence-semantic-integrity.test.ts > CONDYN Career Analysis Protocol v4.0 - PHASE 4: PERSISTENCE SEMANTIC INTEGRITY (TEST004A) > B. overall_confidence absent -> remains absent/null
{
  severity_local: 'NOTICE',
  severity: 'NOTICE',
  code: '42P07',
  message: 'relation "career_learning_proposals" already exists, skipping',
  file: 'parse_utilcmd.c',
  line: '207',
  routine: 'transformCreateStmt'
}

stdout | test/career-persistence-semantic-integrity.test.ts > CONDYN Career Analysis Protocol v4.0 - PHASE 4: PERSISTENCE SEMANTIC INTEGRITY (TEST004A) > B. overall_confidence absent -> remains absent/null
{
  severity_local: 'NOTICE',
  severity: 'NOTICE',
  code: '42P07',
  message: 'relation "career_policy_evaluations" already exists, skipping',
  file: 'parse_utilcmd.c',
  line: '207',
  routine: 'transformCreateStmt'
}

stdout | test/career-persistence-semantic-integrity.test.ts > CONDYN Career Analysis Protocol v4.0 - PHASE 4: PERSISTENCE SEMANTIC INTEGRITY (TEST004A) > C. overall_cohesion_score exists but overall_confidence absent -> MUST NOT become overallConfidence
{
  severity_local: 'NOTICE',
  severity: 'NOTICE',
  code: '42P07',
  message: 'relation "career_analyses" already exists, skipping',
  file: 'parse_utilcmd.c',
  line: '207',
  routine: 'transformCreateStmt'
}

stdout | test/career-persistence-semantic-integrity.test.ts > CONDYN Career Analysis Protocol v4.0 - PHASE 4: PERSISTENCE SEMANTIC INTEGRITY (TEST004A) > C. overall_cohesion_score exists but overall_confidence absent -> MUST NOT become overallConfidence
{
  severity_local: 'NOTICE',
  severity: 'NOTICE',
  code: '42P07',
  message: 'relation "career_recommendations" already exists, skipping',
  file: 'parse_utilcmd.c',
  line: '207',
  routine: 'transformCreateStmt'
}

stdout | test/career-persistence-semantic-integrity.test.ts > CONDYN Career Analysis Protocol v4.0 - PHASE 4: PERSISTENCE SEMANTIC INTEGRITY (TEST004A) > C. overall_cohesion_score exists but overall_confidence absent -> MUST NOT become overallConfidence
{
  severity_local: 'NOTICE',
  severity: 'NOTICE',
  code: '42P07',
  message: 'relation "career_decisions" already exists, skipping',
  file: 'parse_utilcmd.c',
  line: '207',
  routine: 'transformCreateStmt'
}

stdout | test/career-persistence-semantic-integrity.test.ts > CONDYN Career Analysis Protocol v4.0 - PHASE 4: PERSISTENCE SEMANTIC INTEGRITY (TEST004A) > C. overall_cohesion_score exists but overall_confidence absent -> MUST NOT become overallConfidence
{
  severity_local: 'NOTICE',
  severity: 'NOTICE',
  code: '42P07',
  message: 'relation "career_commitments" already exists, skipping',
  file: 'parse_utilcmd.c',
  line: '207',
  routine: 'transformCreateStmt'
}

stdout | test/career-persistence-semantic-integrity.test.ts > CONDYN Career Analysis Protocol v4.0 - PHASE 4: PERSISTENCE SEMANTIC INTEGRITY (TEST004A) > C. overall_cohesion_score exists but overall_confidence absent -> MUST NOT become overallConfidence
{
  severity_local: 'NOTICE',
  severity: 'NOTICE',
  code: '42P07',
  message: 'relation "career_actions" already exists, skipping',
  file: 'parse_utilcmd.c',
  line: '207',
  routine: 'transformCreateStmt'
}

stdout | test/career-persistence-semantic-integrity.test.ts > CONDYN Career Analysis Protocol v4.0 - PHASE 4: PERSISTENCE SEMANTIC INTEGRITY (TEST004A) > C. overall_cohesion_score exists but overall_confidence absent -> MUST NOT become overallConfidence
{
  severity_local: 'NOTICE',
  severity: 'NOTICE',
  code: '42P07',
  message: 'relation "career_outcomes" already exists, skipping',
  file: 'parse_utilcmd.c',
  line: '207',
  routine: 'transformCreateStmt'
}

stdout | test/career-persistence-semantic-integrity.test.ts > CONDYN Career Analysis Protocol v4.0 - PHASE 4: PERSISTENCE SEMANTIC INTEGRITY (TEST004A) > C. overall_cohesion_score exists but overall_confidence absent -> MUST NOT become overallConfidence
{
  severity_local: 'NOTICE',
  severity: 'NOTICE',
  code: '42P07',
  message: 'relation "career_feedback" already exists, skipping',
  file: 'parse_utilcmd.c',
  line: '207',
  routine: 'transformCreateStmt'
}

stdout | test/career-persistence-semantic-integrity.test.ts > CONDYN Career Analysis Protocol v4.0 - PHASE 4: PERSISTENCE SEMANTIC INTEGRITY (TEST004A) > C. overall_cohesion_score exists but overall_confidence absent -> MUST NOT become overallConfidence
{
  severity_local: 'NOTICE',
  severity: 'NOTICE',
  code: '42P07',
  message: 'relation "career_attributions" already exists, skipping',
  file: 'parse_utilcmd.c',
  line: '207',
  routine: 'transformCreateStmt'
}

stdout | test/career-persistence-semantic-integrity.test.ts > CONDYN Career Analysis Protocol v4.0 - PHASE 4: PERSISTENCE SEMANTIC INTEGRITY (TEST004A) > C. overall_cohesion_score exists but overall_confidence absent -> MUST NOT become overallConfidence
{
  severity_local: 'NOTICE',
  severity: 'NOTICE',
  code: '42P07',
  message: 'relation "career_policy_versions" already exists, skipping',
  file: 'parse_utilcmd.c',
  line: '207',
  routine: 'transformCreateStmt'
}

stdout | test/career-persistence-semantic-integrity.test.ts > CONDYN Career Analysis Protocol v4.0 - PHASE 4: PERSISTENCE SEMANTIC INTEGRITY (TEST004A) > C. overall_cohesion_score exists but overall_confidence absent -> MUST NOT become overallConfidence
{
  severity_local: 'NOTICE',
  severity: 'NOTICE',
  code: '42P07',
  message: 'relation "career_policy_families" already exists, skipping',
  file: 'parse_utilcmd.c',
  line: '207',
  routine: 'transformCreateStmt'
}

stdout | test/career-persistence-semantic-integrity.test.ts > CONDYN Career Analysis Protocol v4.0 - PHASE 4: PERSISTENCE SEMANTIC INTEGRITY (TEST004A) > C. overall_cohesion_score exists but overall_confidence absent -> MUST NOT become overallConfidence
{
  severity_local: 'NOTICE',
  severity: 'NOTICE',
  code: '42P07',
  message: 'relation "career_policy_promotions" already exists, skipping',
  file: 'parse_utilcmd.c',
  line: '207',
  routine: 'transformCreateStmt'
}

stdout | test/career-persistence-semantic-integrity.test.ts > CONDYN Career Analysis Protocol v4.0 - PHASE 4: PERSISTENCE SEMANTIC INTEGRITY (TEST004A) > C. overall_cohesion_score exists but overall_confidence absent -> MUST NOT become overallConfidence
{
  severity_local: 'NOTICE',
  severity: 'NOTICE',
  code: '42P07',
  message: 'relation "career_learning_proposals" already exists, skipping',
  file: 'parse_utilcmd.c',
  line: '207',
  routine: 'transformCreateStmt'
}

stdout | test/career-persistence-semantic-integrity.test.ts > CONDYN Career Analysis Protocol v4.0 - PHASE 4: PERSISTENCE SEMANTIC INTEGRITY (TEST004A) > C. overall_cohesion_score exists but overall_confidence absent -> MUST NOT become overallConfidence
{
  severity_local: 'NOTICE',
  severity: 'NOTICE',
  code: '42P07',
  message: 'relation "career_policy_evaluations" already exists, skipping',
  file: 'parse_utilcmd.c',
  line: '207',
  routine: 'transformCreateStmt'
}

stdout | test/career-persistence-semantic-integrity.test.ts > CONDYN Career Analysis Protocol v4.0 - PHASE 4: PERSISTENCE SEMANTIC INTEGRITY (TEST004A) > D. missing metric -> MUST NOT become 0
{
  severity_local: 'NOTICE',
  severity: 'NOTICE',
  code: '42P07',
  message: 'relation "career_analyses" already exists, skipping',
  file: 'parse_utilcmd.c',
  line: '207',
  routine: 'transformCreateStmt'
}

stdout | test/career-persistence-semantic-integrity.test.ts > CONDYN Career Analysis Protocol v4.0 - PHASE 4: PERSISTENCE SEMANTIC INTEGRITY (TEST004A) > D. missing metric -> MUST NOT become 0
{
  severity_local: 'NOTICE',
  severity: 'NOTICE',
  code: '42P07',
  message: 'relation "career_recommendations" already exists, skipping',
  file: 'parse_utilcmd.c',
  line: '207',
  routine: 'transformCreateStmt'
}

stdout | test/career-persistence-semantic-integrity.test.ts > CONDYN Career Analysis Protocol v4.0 - PHASE 4: PERSISTENCE SEMANTIC INTEGRITY (TEST004A) > D. missing metric -> MUST NOT become 0
{
  severity_local: 'NOTICE',
  severity: 'NOTICE',
  code: '42P07',
  message: 'relation "career_decisions" already exists, skipping',
  file: 'parse_utilcmd.c',
  line: '207',
  routine: 'transformCreateStmt'
}

stdout | test/career-persistence-semantic-integrity.test.ts > CONDYN Career Analysis Protocol v4.0 - PHASE 4: PERSISTENCE SEMANTIC INTEGRITY (TEST004A) > D. missing metric -> MUST NOT become 0
{
  severity_local: 'NOTICE',
  severity: 'NOTICE',
  code: '42P07',
  message: 'relation "career_commitments" already exists, skipping',
  file: 'parse_utilcmd.c',
  line: '207',
  routine: 'transformCreateStmt'
}

stdout | test/career-persistence-semantic-integrity.test.ts > CONDYN Career Analysis Protocol v4.0 - PHASE 4: PERSISTENCE SEMANTIC INTEGRITY (TEST004A) > D. missing metric -> MUST NOT become 0
{
  severity_local: 'NOTICE',
  severity: 'NOTICE',
  code: '42P07',
  message: 'relation "career_actions" already exists, skipping',
  file: 'parse_utilcmd.c',
  line: '207',
  routine: 'transformCreateStmt'
}

stdout | test/career-persistence-semantic-integrity.test.ts > CONDYN Career Analysis Protocol v4.0 - PHASE 4: PERSISTENCE SEMANTIC INTEGRITY (TEST004A) > D. missing metric -> MUST NOT become 0
{
  severity_local: 'NOTICE',
  severity: 'NOTICE',
  code: '42P07',
  message: 'relation "career_outcomes" already exists, skipping',
  file: 'parse_utilcmd.c',
  line: '207',
  routine: 'transformCreateStmt'
}

stdout | test/career-persistence-semantic-integrity.test.ts > CONDYN Career Analysis Protocol v4.0 - PHASE 4: PERSISTENCE SEMANTIC INTEGRITY (TEST004A) > D. missing metric -> MUST NOT become 0
{
  severity_local: 'NOTICE',
  severity: 'NOTICE',
  code: '42P07',
  message: 'relation "career_feedback" already exists, skipping',
  file: 'parse_utilcmd.c',
  line: '207',
  routine: 'transformCreateStmt'
}

stdout | test/career-persistence-semantic-integrity.test.ts > CONDYN Career Analysis Protocol v4.0 - PHASE 4: PERSISTENCE SEMANTIC INTEGRITY (TEST004A) > D. missing metric -> MUST NOT become 0
{
  severity_local: 'NOTICE',
  severity: 'NOTICE',
  code: '42P07',
  message: 'relation "career_attributions" already exists, skipping',
  file: 'parse_utilcmd.c',
  line: '207',
  routine: 'transformCreateStmt'
}

stdout | test/career-persistence-semantic-integrity.test.ts > CONDYN Career Analysis Protocol v4.0 - PHASE 4: PERSISTENCE SEMANTIC INTEGRITY (TEST004A) > D. missing metric -> MUST NOT become 0
{
  severity_local: 'NOTICE',
  severity: 'NOTICE',
  code: '42P07',
  message: 'relation "career_policy_versions" already exists, skipping',
  file: 'parse_utilcmd.c',
  line: '207',
  routine: 'transformCreateStmt'
}

stdout | test/career-persistence-semantic-integrity.test.ts > CONDYN Career Analysis Protocol v4.0 - PHASE 4: PERSISTENCE SEMANTIC INTEGRITY (TEST004A) > D. missing metric -> MUST NOT become 0
{
  severity_local: 'NOTICE',
  severity: 'NOTICE',
  code: '42P07',
  message: 'relation "career_policy_families" already exists, skipping',
  file: 'parse_utilcmd.c',
  line: '207',
  routine: 'transformCreateStmt'
}

stdout | test/career-persistence-semantic-integrity.test.ts > CONDYN Career Analysis Protocol v4.0 - PHASE 4: PERSISTENCE SEMANTIC INTEGRITY (TEST004A) > D. missing metric -> MUST NOT become 0
{
  severity_local: 'NOTICE',
  severity: 'NOTICE',
  code: '42P07',
  message: 'relation "career_policy_promotions" already exists, skipping',
  file: 'parse_utilcmd.c',
  line: '207',
  routine: 'transformCreateStmt'
}

stdout | test/career-persistence-semantic-integrity.test.ts > CONDYN Career Analysis Protocol v4.0 - PHASE 4: PERSISTENCE SEMANTIC INTEGRITY (TEST004A) > D. missing metric -> MUST NOT become 0
{
  severity_local: 'NOTICE',
  severity: 'NOTICE',
  code: '42P07',
  message: 'relation "career_learning_proposals" already exists, skipping',
  file: 'parse_utilcmd.c',
  line: '207',
  routine: 'transformCreateStmt'
}

stdout | test/career-persistence-semantic-integrity.test.ts > CONDYN Career Analysis Protocol v4.0 - PHASE 4: PERSISTENCE SEMANTIC INTEGRITY (TEST004A) > D. missing metric -> MUST NOT become 0
{
  severity_local: 'NOTICE',
  severity: 'NOTICE',
  code: '42P07',
  message: 'relation "career_policy_evaluations" already exists, skipping',
  file: 'parse_utilcmd.c',
  line: '207',
  routine: 'transformCreateStmt'
}

stdout | test/career-persistence-semantic-integrity.test.ts > CONDYN Career Analysis Protocol v4.0 - PHASE 4: PERSISTENCE SEMANTIC INTEGRITY (TEST004A) > E. save -> load -> canonical payload deep-equal
{
  severity_local: 'NOTICE',
  severity: 'NOTICE',
  code: '42P07',
  message: 'relation "career_analyses" already exists, skipping',
  file: 'parse_utilcmd.c',
  line: '207',
  routine: 'transformCreateStmt'
}

stdout | test/career-persistence-semantic-integrity.test.ts > CONDYN Career Analysis Protocol v4.0 - PHASE 4: PERSISTENCE SEMANTIC INTEGRITY (TEST004A) > E. save -> load -> canonical payload deep-equal
{
  severity_local: 'NOTICE',
  severity: 'NOTICE',
  code: '42P07',
  message: 'relation "career_recommendations" already exists, skipping',
  file: 'parse_utilcmd.c',
  line: '207',
  routine: 'transformCreateStmt'
}

stdout | test/career-persistence-semantic-integrity.test.ts > CONDYN Career Analysis Protocol v4.0 - PHASE 4: PERSISTENCE SEMANTIC INTEGRITY (TEST004A) > E. save -> load -> canonical payload deep-equal
{
  severity_local: 'NOTICE',
  severity: 'NOTICE',
  code: '42P07',
  message: 'relation "career_decisions" already exists, skipping',
  file: 'parse_utilcmd.c',
  line: '207',
  routine: 'transformCreateStmt'
}

stdout | test/career-persistence-semantic-integrity.test.ts > CONDYN Career Analysis Protocol v4.0 - PHASE 4: PERSISTENCE SEMANTIC INTEGRITY (TEST004A) > E. save -> load -> canonical payload deep-equal
{
  severity_local: 'NOTICE',
  severity: 'NOTICE',
  code: '42P07',
  message: 'relation "career_commitments" already exists, skipping',
  file: 'parse_utilcmd.c',
  line: '207',
  routine: 'transformCreateStmt'
}

stdout | test/career-policy-activation-atomicity.test.ts > CONDYN Career Analysis Protocol v4.0 - PHASE 4: ATOMIC POLICY ACTIVATION (TEST004D) > A. V1 active -> promote V2 -> head = V2 -> promotion record exists
{
  severity_local: 'NOTICE',
  severity: 'NOTICE',
  code: '42P07',
  message: 'relation "career_analyses" already exists, skipping',
  file: 'parse_utilcmd.c',
  line: '207',
  routine: 'transformCreateStmt'
}

stdout | test/career-persistence-semantic-integrity.test.ts > CONDYN Career Analysis Protocol v4.0 - PHASE 4: PERSISTENCE SEMANTIC INTEGRITY (TEST004A) > E. save -> load -> canonical payload deep-equal
{
  severity_local: 'NOTICE',
  severity: 'NOTICE',
  code: '42P07',
  message: 'relation "career_actions" already exists, skipping',
  file: 'parse_utilcmd.c',
  line: '207',
  routine: 'transformCreateStmt'
}

stdout | test/career-persistence-semantic-integrity.test.ts > CONDYN Career Analysis Protocol v4.0 - PHASE 4: PERSISTENCE SEMANTIC INTEGRITY (TEST004A) > E. save -> load -> canonical payload deep-equal
{
  severity_local: 'NOTICE',
  severity: 'NOTICE',
  code: '42P07',
  message: 'relation "career_outcomes" already exists, skipping',
  file: 'parse_utilcmd.c',
  line: '207',
  routine: 'transformCreateStmt'
}

stdout | test/career-policy-activation-atomicity.test.ts > CONDYN Career Analysis Protocol v4.0 - PHASE 4: ATOMIC POLICY ACTIVATION (TEST004D) > A. V1 active -> promote V2 -> head = V2 -> promotion record exists
{
  severity_local: 'NOTICE',
  severity: 'NOTICE',
  code: '42P07',
  message: 'relation "career_recommendations" already exists, skipping',
  file: 'parse_utilcmd.c',
  line: '207',
  routine: 'transformCreateStmt'
}

stdout | test/career-persistence-semantic-integrity.test.ts > CONDYN Career Analysis Protocol v4.0 - PHASE 4: PERSISTENCE SEMANTIC INTEGRITY (TEST004A) > E. save -> load -> canonical payload deep-equal
{
  severity_local: 'NOTICE',
  severity: 'NOTICE',
  code: '42P07',
  message: 'relation "career_feedback" already exists, skipping',
  file: 'parse_utilcmd.c',
  line: '207',
  routine: 'transformCreateStmt'
}

stdout | test/career-persistence-semantic-integrity.test.ts > CONDYN Career Analysis Protocol v4.0 - PHASE 4: PERSISTENCE SEMANTIC INTEGRITY (TEST004A) > E. save -> load -> canonical payload deep-equal
{
  severity_local: 'NOTICE',
  severity: 'NOTICE',
  code: '42P07',
  message: 'relation "career_attributions" already exists, skipping',
  file: 'parse_utilcmd.c',
  line: '207',
  routine: 'transformCreateStmt'
}

stdout | test/career-persistence-semantic-integrity.test.ts > CONDYN Career Analysis Protocol v4.0 - PHASE 4: PERSISTENCE SEMANTIC INTEGRITY (TEST004A) > E. save -> load -> canonical payload deep-equal
{
  severity_local: 'NOTICE',
  severity: 'NOTICE',
  code: '42P07',
  message: 'relation "career_policy_versions" already exists, skipping',
  file: 'parse_utilcmd.c',
  line: '207',
  routine: 'transformCreateStmt'
}

stdout | test/career-persistence-semantic-integrity.test.ts > CONDYN Career Analysis Protocol v4.0 - PHASE 4: PERSISTENCE SEMANTIC INTEGRITY (TEST004A) > E. save -> load -> canonical payload deep-equal
{
  severity_local: 'NOTICE',
  severity: 'NOTICE',
  code: '42P07',
  message: 'relation "career_policy_families" already exists, skipping',
  file: 'parse_utilcmd.c',
  line: '207',
  routine: 'transformCreateStmt'
}

stdout | test/career-policy-activation-atomicity.test.ts > CONDYN Career Analysis Protocol v4.0 - PHASE 4: ATOMIC POLICY ACTIVATION (TEST004D) > A. V1 active -> promote V2 -> head = V2 -> promotion record exists
{
  severity_local: 'NOTICE',
  severity: 'NOTICE',
  code: '42P07',
  message: 'relation "career_decisions" already exists, skipping',
  file: 'parse_utilcmd.c',
  line: '207',
  routine: 'transformCreateStmt'
}

stdout | test/career-policy-activation-atomicity.test.ts > CONDYN Career Analysis Protocol v4.0 - PHASE 4: ATOMIC POLICY ACTIVATION (TEST004D) > A. V1 active -> promote V2 -> head = V2 -> promotion record exists
{
  severity_local: 'NOTICE',
  severity: 'NOTICE',
  code: '42P07',
  message: 'relation "career_commitments" already exists, skipping',
  file: 'parse_utilcmd.c',
  line: '207',
  routine: 'transformCreateStmt'
}

stdout | test/career-policy-activation-atomicity.test.ts > CONDYN Career Analysis Protocol v4.0 - PHASE 4: ATOMIC POLICY ACTIVATION (TEST004D) > A. V1 active -> promote V2 -> head = V2 -> promotion record exists
{
  severity_local: 'NOTICE',
  severity: 'NOTICE',
  code: '42P07',
  message: 'relation "career_actions" already exists, skipping',
  file: 'parse_utilcmd.c',
  line: '207',
  routine: 'transformCreateStmt'
}

stdout | test/career-policy-activation-atomicity.test.ts > CONDYN Career Analysis Protocol v4.0 - PHASE 4: ATOMIC POLICY ACTIVATION (TEST004D) > A. V1 active -> promote V2 -> head = V2 -> promotion record exists
{
  severity_local: 'NOTICE',
  severity: 'NOTICE',
  code: '42P07',
  message: 'relation "career_outcomes" already exists, skipping',
  file: 'parse_utilcmd.c',
  line: '207',
  routine: 'transformCreateStmt'
}

stdout | test/career-policy-activation-atomicity.test.ts > CONDYN Career Analysis Protocol v4.0 - PHASE 4: ATOMIC POLICY ACTIVATION (TEST004D) > A. V1 active -> promote V2 -> head = V2 -> promotion record exists
{
  severity_local: 'NOTICE',
  severity: 'NOTICE',
  code: '42P07',
  message: 'relation "career_feedback" already exists, skipping',
  file: 'parse_utilcmd.c',
  line: '207',
  routine: 'transformCreateStmt'
}

stdout | test/career-policy-activation-atomicity.test.ts > CONDYN Career Analysis Protocol v4.0 - PHASE 4: ATOMIC POLICY ACTIVATION (TEST004D) > A. V1 active -> promote V2 -> head = V2 -> promotion record exists
{
  severity_local: 'NOTICE',
  severity: 'NOTICE',
  code: '42P07',
  message: 'relation "career_attributions" already exists, skipping',
  file: 'parse_utilcmd.c',
  line: '207',
  routine: 'transformCreateStmt'
}

stdout | test/career-persistence-semantic-integrity.test.ts > CONDYN Career Analysis Protocol v4.0 - PHASE 4: PERSISTENCE SEMANTIC INTEGRITY (TEST004A) > E. save -> load -> canonical payload deep-equal
{
  severity_local: 'NOTICE',
  severity: 'NOTICE',
  code: '42P07',
  message: 'relation "career_policy_promotions" already exists, skipping',
  file: 'parse_utilcmd.c',
  line: '207',
  routine: 'transformCreateStmt'
}

stdout | test/career-persistence-semantic-integrity.test.ts > CONDYN Career Analysis Protocol v4.0 - PHASE 4: PERSISTENCE SEMANTIC INTEGRITY (TEST004A) > E. save -> load -> canonical payload deep-equal
{
  severity_local: 'NOTICE',
  severity: 'NOTICE',
  code: '42P07',
  message: 'relation "career_learning_proposals" already exists, skipping',
  file: 'parse_utilcmd.c',
  line: '207',
  routine: 'transformCreateStmt'
}

stdout | test/career-persistence-semantic-integrity.test.ts > CONDYN Career Analysis Protocol v4.0 - PHASE 4: PERSISTENCE SEMANTIC INTEGRITY (TEST004A) > E. save -> load -> canonical payload deep-equal
{
  severity_local: 'NOTICE',
  severity: 'NOTICE',
  code: '42P07',
  message: 'relation "career_policy_evaluations" already exists, skipping',
  file: 'parse_utilcmd.c',
  line: '207',
  routine: 'transformCreateStmt'
}

stdout | test/career-policy-activation-atomicity.test.ts > CONDYN Career Analysis Protocol v4.0 - PHASE 4: ATOMIC POLICY ACTIVATION (TEST004D) > A. V1 active -> promote V2 -> head = V2 -> promotion record exists
{
  severity_local: 'NOTICE',
  severity: 'NOTICE',
  code: '42P07',
  message: 'relation "career_policy_versions" already exists, skipping',
  file: 'parse_utilcmd.c',
  line: '207',
  routine: 'transformCreateStmt'
}

stdout | test/career-policy-activation-atomicity.test.ts > CONDYN Career Analysis Protocol v4.0 - PHASE 4: ATOMIC POLICY ACTIVATION (TEST004D) > A. V1 active -> promote V2 -> head = V2 -> promotion record exists
{
  severity_local: 'NOTICE',
  severity: 'NOTICE',
  code: '42P07',
  message: 'relation "career_policy_families" already exists, skipping',
  file: 'parse_utilcmd.c',
  line: '207',
  routine: 'transformCreateStmt'
}

stdout | test/career-policy-activation-atomicity.test.ts > CONDYN Career Analysis Protocol v4.0 - PHASE 4: ATOMIC POLICY ACTIVATION (TEST004D) > A. V1 active -> promote V2 -> head = V2 -> promotion record exists
{
  severity_local: 'NOTICE',
  severity: 'NOTICE',
  code: '42P07',
  message: 'relation "career_policy_promotions" already exists, skipping',
  file: 'parse_utilcmd.c',
  line: '207',
  routine: 'transformCreateStmt'
}

stdout | test/career-policy-activation-atomicity.test.ts > CONDYN Career Analysis Protocol v4.0 - PHASE 4: ATOMIC POLICY ACTIVATION (TEST004D) > A. V1 active -> promote V2 -> head = V2 -> promotion record exists
{
  severity_local: 'NOTICE',
  severity: 'NOTICE',
  code: '42P07',
  message: 'relation "career_learning_proposals" already exists, skipping',
  file: 'parse_utilcmd.c',
  line: '207',
  routine: 'transformCreateStmt'
}

stdout | test/career-policy-activation-atomicity.test.ts > CONDYN Career Analysis Protocol v4.0 - PHASE 4: ATOMIC POLICY ACTIVATION (TEST004D) > A. V1 active -> promote V2 -> head = V2 -> promotion record exists
{
  severity_local: 'NOTICE',
  severity: 'NOTICE',
  code: '42P07',
  message: 'relation "career_policy_evaluations" already exists, skipping',
  file: 'parse_utilcmd.c',
  line: '207',
  routine: 'transformCreateStmt'
}

 ✓ test/career-persistence-semantic-integrity.test.ts (5 tests) 212ms
stdout | test/career-postgres-repository.test.ts > CONDYN Career Analysis Protocol v1.0 - Step 10: PostgreSQL & Drizzle Persistence Layer
{
  severity_local: 'NOTICE',
  severity: 'NOTICE',
  code: '42P07',
  message: 'relation "career_analyses" already exists, skipping',
  file: 'parse_utilcmd.c',
  line: '207',
  routine: 'transformCreateStmt'
}

stdout | test/career-postgres-repository.test.ts > CONDYN Career Analysis Protocol v1.0 - Step 10: PostgreSQL & Drizzle Persistence Layer
{
  severity_local: 'NOTICE',
  severity: 'NOTICE',
  code: '42P07',
  message: 'relation "career_recommendations" already exists, skipping',
  file: 'parse_utilcmd.c',
  line: '207',
  routine: 'transformCreateStmt'
}

stdout | test/career-postgres-repository.test.ts > CONDYN Career Analysis Protocol v1.0 - Step 10: PostgreSQL & Drizzle Persistence Layer
{
  severity_local: 'NOTICE',
  severity: 'NOTICE',
  code: '42P07',
  message: 'relation "career_decisions" already exists, skipping',
  file: 'parse_utilcmd.c',
  line: '207',
  routine: 'transformCreateStmt'
}

stdout | test/career-postgres-repository.test.ts > CONDYN Career Analysis Protocol v1.0 - Step 10: PostgreSQL & Drizzle Persistence Layer
{
  severity_local: 'NOTICE',
  severity: 'NOTICE',
  code: '42P07',
  message: 'relation "career_commitments" already exists, skipping',
  file: 'parse_utilcmd.c',
  line: '207',
  routine: 'transformCreateStmt'
}

stdout | test/career-postgres-repository.test.ts > CONDYN Career Analysis Protocol v1.0 - Step 10: PostgreSQL & Drizzle Persistence Layer
{
  severity_local: 'NOTICE',
  severity: 'NOTICE',
  code: '42P07',
  message: 'relation "career_actions" already exists, skipping',
  file: 'parse_utilcmd.c',
  line: '207',
  routine: 'transformCreateStmt'
}

stdout | test/career-postgres-repository.test.ts > CONDYN Career Analysis Protocol v1.0 - Step 10: PostgreSQL & Drizzle Persistence Layer
{
  severity_local: 'NOTICE',
  severity: 'NOTICE',
  code: '42P07',
  message: 'relation "career_outcomes" already exists, skipping',
  file: 'parse_utilcmd.c',
  line: '207',
  routine: 'transformCreateStmt'
}

stdout | test/career-postgres-repository.test.ts > CONDYN Career Analysis Protocol v1.0 - Step 10: PostgreSQL & Drizzle Persistence Layer
{
  severity_local: 'NOTICE',
  severity: 'NOTICE',
  code: '42P07',
  message: 'relation "career_feedback" already exists, skipping',
  file: 'parse_utilcmd.c',
  line: '207',
  routine: 'transformCreateStmt'
}

stdout | test/career-postgres-repository.test.ts > CONDYN Career Analysis Protocol v1.0 - Step 10: PostgreSQL & Drizzle Persistence Layer
{
  severity_local: 'NOTICE',
  severity: 'NOTICE',
  code: '42P07',
  message: 'relation "career_attributions" already exists, skipping',
  file: 'parse_utilcmd.c',
  line: '207',
  routine: 'transformCreateStmt'
}

stdout | test/career-postgres-repository.test.ts > CONDYN Career Analysis Protocol v1.0 - Step 10: PostgreSQL & Drizzle Persistence Layer
{
  severity_local: 'NOTICE',
  severity: 'NOTICE',
  code: '42P07',
  message: 'relation "career_policy_versions" already exists, skipping',
  file: 'parse_utilcmd.c',
  line: '207',
  routine: 'transformCreateStmt'
}

stdout | test/career-postgres-repository.test.ts > CONDYN Career Analysis Protocol v1.0 - Step 10: PostgreSQL & Drizzle Persistence Layer
{
  severity_local: 'NOTICE',
  severity: 'NOTICE',
  code: '42P07',
  message: 'relation "career_policy_families" already exists, skipping',
  file: 'parse_utilcmd.c',
  line: '207',
  routine: 'transformCreateStmt'
}

stdout | test/career-postgres-repository.test.ts > CONDYN Career Analysis Protocol v1.0 - Step 10: PostgreSQL & Drizzle Persistence Layer
{
  severity_local: 'NOTICE',
  severity: 'NOTICE',
  code: '42P07',
  message: 'relation "career_policy_promotions" already exists, skipping',
  file: 'parse_utilcmd.c',
  line: '207',
  routine: 'transformCreateStmt'
}

stdout | test/career-postgres-repository.test.ts > CONDYN Career Analysis Protocol v1.0 - Step 10: PostgreSQL & Drizzle Persistence Layer
{
  severity_local: 'NOTICE',
  severity: 'NOTICE',
  code: '42P07',
  message: 'relation "career_learning_proposals" already exists, skipping',
  file: 'parse_utilcmd.c',
  line: '207',
  routine: 'transformCreateStmt'
}

stdout | test/career-postgres-repository.test.ts > CONDYN Career Analysis Protocol v1.0 - Step 10: PostgreSQL & Drizzle Persistence Layer
{
  severity_local: 'NOTICE',
  severity: 'NOTICE',
  code: '42P07',
  message: 'relation "career_policy_evaluations" already exists, skipping',
  file: 'parse_utilcmd.c',
  line: '207',
  routine: 'transformCreateStmt'
}

stdout | test/career-policy-activation-atomicity.test.ts > CONDYN Career Analysis Protocol v4.0 - PHASE 4: ATOMIC POLICY ACTIVATION (TEST004D) > B. V1 historical PolicyVersion unchanged
{
  severity_local: 'NOTICE',
  severity: 'NOTICE',
  code: '42P07',
  message: 'relation "career_analyses" already exists, skipping',
  file: 'parse_utilcmd.c',
  line: '207',
  routine: 'transformCreateStmt'
}

stdout | test/career-lifecycle-postgres-persistence.test.ts > CONDYN Career Analysis Protocol v4.0 - PHASE 4: IMMUTABLE LIFECYCLE PERSISTENCE (TEST004B)
{
  severity_local: 'NOTICE',
  severity: 'NOTICE',
  code: '42P07',
  message: 'relation "career_analyses" already exists, skipping',
  file: 'parse_utilcmd.c',
  line: '207',
  routine: 'transformCreateStmt'
}

stdout | test/career-policy-activation-atomicity.test.ts > CONDYN Career Analysis Protocol v4.0 - PHASE 4: ATOMIC POLICY ACTIVATION (TEST004D) > B. V1 historical PolicyVersion unchanged
{
  severity_local: 'NOTICE',
  severity: 'NOTICE',
  code: '42P07',
  message: 'relation "career_recommendations" already exists, skipping',
  file: 'parse_utilcmd.c',
  line: '207',
  routine: 'transformCreateStmt'
}

stdout | test/career-lifecycle-postgres-persistence.test.ts > CONDYN Career Analysis Protocol v4.0 - PHASE 4: IMMUTABLE LIFECYCLE PERSISTENCE (TEST004B)
{
  severity_local: 'NOTICE',
  severity: 'NOTICE',
  code: '42P07',
  message: 'relation "career_recommendations" already exists, skipping',
  file: 'parse_utilcmd.c',
  line: '207',
  routine: 'transformCreateStmt'
}

stdout | test/career-lifecycle-postgres-persistence.test.ts > CONDYN Career Analysis Protocol v4.0 - PHASE 4: IMMUTABLE LIFECYCLE PERSISTENCE (TEST004B)
{
  severity_local: 'NOTICE',
  severity: 'NOTICE',
  code: '42P07',
  message: 'relation "career_decisions" already exists, skipping',
  file: 'parse_utilcmd.c',
  line: '207',
  routine: 'transformCreateStmt'
}

stdout | test/career-policy-activation-atomicity.test.ts > CONDYN Career Analysis Protocol v4.0 - PHASE 4: ATOMIC POLICY ACTIVATION (TEST004D) > B. V1 historical PolicyVersion unchanged
{
  severity_local: 'NOTICE',
  severity: 'NOTICE',
  code: '42P07',
  message: 'relation "career_decisions" already exists, skipping',
  file: 'parse_utilcmd.c',
  line: '207',
  routine: 'transformCreateStmt'
}

stdout | test/career-lifecycle-postgres-persistence.test.ts > CONDYN Career Analysis Protocol v4.0 - PHASE 4: IMMUTABLE LIFECYCLE PERSISTENCE (TEST004B)
{
  severity_local: 'NOTICE',
  severity: 'NOTICE',
  code: '42P07',
  message: 'relation "career_commitments" already exists, skipping',
  file: 'parse_utilcmd.c',
  line: '207',
  routine: 'transformCreateStmt'
}

stdout | test/career-lifecycle-postgres-persistence.test.ts > CONDYN Career Analysis Protocol v4.0 - PHASE 4: IMMUTABLE LIFECYCLE PERSISTENCE (TEST004B)
{
  severity_local: 'NOTICE',
  severity: 'NOTICE',
  code: '42P07',
  message: 'relation "career_actions" already exists, skipping',
  file: 'parse_utilcmd.c',
  line: '207',
  routine: 'transformCreateStmt'
}

stdout | test/career-lifecycle-postgres-persistence.test.ts > CONDYN Career Analysis Protocol v4.0 - PHASE 4: IMMUTABLE LIFECYCLE PERSISTENCE (TEST004B)
{
  severity_local: 'NOTICE',
  severity: 'NOTICE',
  code: '42P07',
  message: 'relation "career_outcomes" already exists, skipping',
  file: 'parse_utilcmd.c',
  line: '207',
  routine: 'transformCreateStmt'
}

stdout | test/career-lifecycle-postgres-persistence.test.ts > CONDYN Career Analysis Protocol v4.0 - PHASE 4: IMMUTABLE LIFECYCLE PERSISTENCE (TEST004B)
{
  severity_local: 'NOTICE',
  severity: 'NOTICE',
  code: '42P07',
  message: 'relation "career_feedback" already exists, skipping',
  file: 'parse_utilcmd.c',
  line: '207',
  routine: 'transformCreateStmt'
}

stdout | test/career-lifecycle-postgres-persistence.test.ts > CONDYN Career Analysis Protocol v4.0 - PHASE 4: IMMUTABLE LIFECYCLE PERSISTENCE (TEST004B)
{
  severity_local: 'NOTICE',
  severity: 'NOTICE',
  code: '42P07',
  message: 'relation "career_attributions" already exists, skipping',
  file: 'parse_utilcmd.c',
  line: '207',
  routine: 'transformCreateStmt'
}

stdout | test/career-policy-activation-atomicity.test.ts > CONDYN Career Analysis Protocol v4.0 - PHASE 4: ATOMIC POLICY ACTIVATION (TEST004D) > B. V1 historical PolicyVersion unchanged
{
  severity_local: 'NOTICE',
  severity: 'NOTICE',
  code: '42P07',
  message: 'relation "career_commitments" already exists, skipping',
  file: 'parse_utilcmd.c',
  line: '207',
  routine: 'transformCreateStmt'
}

stdout | test/career-lifecycle-postgres-persistence.test.ts > CONDYN Career Analysis Protocol v4.0 - PHASE 4: IMMUTABLE LIFECYCLE PERSISTENCE (TEST004B)
{
  severity_local: 'NOTICE',
  severity: 'NOTICE',
  code: '42P07',
  message: 'relation "career_policy_versions" already exists, skipping',
  file: 'parse_utilcmd.c',
  line: '207',
  routine: 'transformCreateStmt'
}

stdout | test/career-lifecycle-postgres-persistence.test.ts > CONDYN Career Analysis Protocol v4.0 - PHASE 4: IMMUTABLE LIFECYCLE PERSISTENCE (TEST004B)
{
  severity_local: 'NOTICE',
  severity: 'NOTICE',
  code: '42P07',
  message: 'relation "career_policy_families" already exists, skipping',
  file: 'parse_utilcmd.c',
  line: '207',
  routine: 'transformCreateStmt'
}

stdout | test/career-lifecycle-postgres-persistence.test.ts > CONDYN Career Analysis Protocol v4.0 - PHASE 4: IMMUTABLE LIFECYCLE PERSISTENCE (TEST004B)
{
  severity_local: 'NOTICE',
  severity: 'NOTICE',
  code: '42P07',
  message: 'relation "career_policy_promotions" already exists, skipping',
  file: 'parse_utilcmd.c',
  line: '207',
  routine: 'transformCreateStmt'
}

stdout | test/career-lifecycle-postgres-persistence.test.ts > CONDYN Career Analysis Protocol v4.0 - PHASE 4: IMMUTABLE LIFECYCLE PERSISTENCE (TEST004B)
{
  severity_local: 'NOTICE',
  severity: 'NOTICE',
  code: '42P07',
  message: 'relation "career_learning_proposals" already exists, skipping',
  file: 'parse_utilcmd.c',
  line: '207',
  routine: 'transformCreateStmt'
}

stdout | test/career-lifecycle-postgres-persistence.test.ts > CONDYN Career Analysis Protocol v4.0 - PHASE 4: IMMUTABLE LIFECYCLE PERSISTENCE (TEST004B)
{
  severity_local: 'NOTICE',
  severity: 'NOTICE',
  code: '42P07',
  message: 'relation "career_policy_evaluations" already exists, skipping',
  file: 'parse_utilcmd.c',
  line: '207',
  routine: 'transformCreateStmt'
}

stdout | test/career-policy-activation-atomicity.test.ts > CONDYN Career Analysis Protocol v4.0 - PHASE 4: ATOMIC POLICY ACTIVATION (TEST004D) > B. V1 historical PolicyVersion unchanged
{
  severity_local: 'NOTICE',
  severity: 'NOTICE',
  code: '42P07',
  message: 'relation "career_actions" already exists, skipping',
  file: 'parse_utilcmd.c',
  line: '207',
  routine: 'transformCreateStmt'
}

stdout | test/career-policy-activation-atomicity.test.ts > CONDYN Career Analysis Protocol v4.0 - PHASE 4: ATOMIC POLICY ACTIVATION (TEST004D) > B. V1 historical PolicyVersion unchanged
{
  severity_local: 'NOTICE',
  severity: 'NOTICE',
  code: '42P07',
  message: 'relation "career_outcomes" already exists, skipping',
  file: 'parse_utilcmd.c',
  line: '207',
  routine: 'transformCreateStmt'
}

stdout | test/career-policy-activation-atomicity.test.ts > CONDYN Career Analysis Protocol v4.0 - PHASE 4: ATOMIC POLICY ACTIVATION (TEST004D) > B. V1 historical PolicyVersion unchanged
{
  severity_local: 'NOTICE',
  severity: 'NOTICE',
  code: '42P07',
  message: 'relation "career_feedback" already exists, skipping',
  file: 'parse_utilcmd.c',
  line: '207',
  routine: 'transformCreateStmt'
}

stdout | test/career-policy-activation-atomicity.test.ts > CONDYN Career Analysis Protocol v4.0 - PHASE 4: ATOMIC POLICY ACTIVATION (TEST004D) > B. V1 historical PolicyVersion unchanged
{
  severity_local: 'NOTICE',
  severity: 'NOTICE',
  code: '42P07',
  message: 'relation "career_attributions" already exists, skipping',
  file: 'parse_utilcmd.c',
  line: '207',
  routine: 'transformCreateStmt'
}

stdout | test/career-policy-activation-atomicity.test.ts > CONDYN Career Analysis Protocol v4.0 - PHASE 4: ATOMIC POLICY ACTIVATION (TEST004D) > B. V1 historical PolicyVersion unchanged
{
  severity_local: 'NOTICE',
  severity: 'NOTICE',
  code: '42P07',
  message: 'relation "career_policy_versions" already exists, skipping',
  file: 'parse_utilcmd.c',
  line: '207',
  routine: 'transformCreateStmt'
}

stdout | test/career-policy-activation-atomicity.test.ts > CONDYN Career Analysis Protocol v4.0 - PHASE 4: ATOMIC POLICY ACTIVATION (TEST004D) > B. V1 historical PolicyVersion unchanged
{
  severity_local: 'NOTICE',
  severity: 'NOTICE',
  code: '42P07',
  message: 'relation "career_policy_families" already exists, skipping',
  file: 'parse_utilcmd.c',
  line: '207',
  routine: 'transformCreateStmt'
}

 ✓ test/career-postgres-repository.test.ts (5 tests) 173ms
stdout | test/career-policy-activation-atomicity.test.ts > CONDYN Career Analysis Protocol v4.0 - PHASE 4: ATOMIC POLICY ACTIVATION (TEST004D) > B. V1 historical PolicyVersion unchanged
{
  severity_local: 'NOTICE',
  severity: 'NOTICE',
  code: '42P07',
  message: 'relation "career_policy_promotions" already exists, skipping',
  file: 'parse_utilcmd.c',
  line: '207',
  routine: 'transformCreateStmt'
}

stdout | test/career-lifecycle-recovery.test.ts > CONDYN Career Analysis Protocol v4.0 - PHASE 4: RESTART & LINEAGE RECONSTRUCTION (TEST004C) > A/B/C/K. complete persisted lifecycle -> exact reconstruction with all IDs/timestamps preserved
{
  severity_local: 'NOTICE',
  severity: 'NOTICE',
  code: '42P07',
  message: 'relation "career_analyses" already exists, skipping',
  file: 'parse_utilcmd.c',
  line: '207',
  routine: 'transformCreateStmt'
}

stdout | test/career-policy-activation-atomicity.test.ts > CONDYN Career Analysis Protocol v4.0 - PHASE 4: ATOMIC POLICY ACTIVATION (TEST004D) > B. V1 historical PolicyVersion unchanged
{
  severity_local: 'NOTICE',
  severity: 'NOTICE',
  code: '42P07',
  message: 'relation "career_learning_proposals" already exists, skipping',
  file: 'parse_utilcmd.c',
  line: '207',
  routine: 'transformCreateStmt'
}

stdout | test/career-policy-activation-atomicity.test.ts > CONDYN Career Analysis Protocol v4.0 - PHASE 4: ATOMIC POLICY ACTIVATION (TEST004D) > B. V1 historical PolicyVersion unchanged
{
  severity_local: 'NOTICE',
  severity: 'NOTICE',
  code: '42P07',
  message: 'relation "career_policy_evaluations" already exists, skipping',
  file: 'parse_utilcmd.c',
  line: '207',
  routine: 'transformCreateStmt'
}

stdout | test/career-lifecycle-recovery.test.ts > CONDYN Career Analysis Protocol v4.0 - PHASE 4: RESTART & LINEAGE RECONSTRUCTION (TEST004C) > A/B/C/K. complete persisted lifecycle -> exact reconstruction with all IDs/timestamps preserved
{
  severity_local: 'NOTICE',
  severity: 'NOTICE',
  code: '42P07',
  message: 'relation "career_recommendations" already exists, skipping',
  file: 'parse_utilcmd.c',
  line: '207',
  routine: 'transformCreateStmt'
}

stdout | test/career-lifecycle-recovery.test.ts > CONDYN Career Analysis Protocol v4.0 - PHASE 4: RESTART & LINEAGE RECONSTRUCTION (TEST004C) > A/B/C/K. complete persisted lifecycle -> exact reconstruction with all IDs/timestamps preserved
{
  severity_local: 'NOTICE',
  severity: 'NOTICE',
  code: '42P07',
  message: 'relation "career_decisions" already exists, skipping',
  file: 'parse_utilcmd.c',
  line: '207',
  routine: 'transformCreateStmt'
}

stdout | test/career-lifecycle-recovery.test.ts > CONDYN Career Analysis Protocol v4.0 - PHASE 4: RESTART & LINEAGE RECONSTRUCTION (TEST004C) > A/B/C/K. complete persisted lifecycle -> exact reconstruction with all IDs/timestamps preserved
{
  severity_local: 'NOTICE',
  severity: 'NOTICE',
  code: '42P07',
  message: 'relation "career_commitments" already exists, skipping',
  file: 'parse_utilcmd.c',
  line: '207',
  routine: 'transformCreateStmt'
}

stdout | test/career-lifecycle-recovery.test.ts > CONDYN Career Analysis Protocol v4.0 - PHASE 4: RESTART & LINEAGE RECONSTRUCTION (TEST004C) > A/B/C/K. complete persisted lifecycle -> exact reconstruction with all IDs/timestamps preserved
{
  severity_local: 'NOTICE',
  severity: 'NOTICE',
  code: '42P07',
  message: 'relation "career_actions" already exists, skipping',
  file: 'parse_utilcmd.c',
  line: '207',
  routine: 'transformCreateStmt'
}

stdout | test/career-lifecycle-recovery.test.ts > CONDYN Career Analysis Protocol v4.0 - PHASE 4: RESTART & LINEAGE RECONSTRUCTION (TEST004C) > A/B/C/K. complete persisted lifecycle -> exact reconstruction with all IDs/timestamps preserved
{
  severity_local: 'NOTICE',
  severity: 'NOTICE',
  code: '42P07',
  message: 'relation "career_outcomes" already exists, skipping',
  file: 'parse_utilcmd.c',
  line: '207',
  routine: 'transformCreateStmt'
}

stdout | test/career-lifecycle-recovery.test.ts > CONDYN Career Analysis Protocol v4.0 - PHASE 4: RESTART & LINEAGE RECONSTRUCTION (TEST004C) > A/B/C/K. complete persisted lifecycle -> exact reconstruction with all IDs/timestamps preserved
{
  severity_local: 'NOTICE',
  severity: 'NOTICE',
  code: '42P07',
  message: 'relation "career_feedback" already exists, skipping',
  file: 'parse_utilcmd.c',
  line: '207',
  routine: 'transformCreateStmt'
}

stdout | test/career-lifecycle-recovery.test.ts > CONDYN Career Analysis Protocol v4.0 - PHASE 4: RESTART & LINEAGE RECONSTRUCTION (TEST004C) > A/B/C/K. complete persisted lifecycle -> exact reconstruction with all IDs/timestamps preserved
{
  severity_local: 'NOTICE',
  severity: 'NOTICE',
  code: '42P07',
  message: 'relation "career_attributions" already exists, skipping',
  file: 'parse_utilcmd.c',
  line: '207',
  routine: 'transformCreateStmt'
}

stdout | test/career-lifecycle-recovery.test.ts > CONDYN Career Analysis Protocol v4.0 - PHASE 4: RESTART & LINEAGE RECONSTRUCTION (TEST004C) > A/B/C/K. complete persisted lifecycle -> exact reconstruction with all IDs/timestamps preserved
{
  severity_local: 'NOTICE',
  severity: 'NOTICE',
  code: '42P07',
  message: 'relation "career_policy_versions" already exists, skipping',
  file: 'parse_utilcmd.c',
  line: '207',
  routine: 'transformCreateStmt'
}

stdout | test/career-lifecycle-recovery.test.ts > CONDYN Career Analysis Protocol v4.0 - PHASE 4: RESTART & LINEAGE RECONSTRUCTION (TEST004C) > A/B/C/K. complete persisted lifecycle -> exact reconstruction with all IDs/timestamps preserved
{
  severity_local: 'NOTICE',
  severity: 'NOTICE',
  code: '42P07',
  message: 'relation "career_policy_families" already exists, skipping',
  file: 'parse_utilcmd.c',
  line: '207',
  routine: 'transformCreateStmt'
}

stdout | test/career-lifecycle-recovery.test.ts > CONDYN Career Analysis Protocol v4.0 - PHASE 4: RESTART & LINEAGE RECONSTRUCTION (TEST004C) > A/B/C/K. complete persisted lifecycle -> exact reconstruction with all IDs/timestamps preserved
{
  severity_local: 'NOTICE',
  severity: 'NOTICE',
  code: '42P07',
  message: 'relation "career_policy_promotions" already exists, skipping',
  file: 'parse_utilcmd.c',
  line: '207',
  routine: 'transformCreateStmt'
}

stdout | test/career-lifecycle-recovery.test.ts > CONDYN Career Analysis Protocol v4.0 - PHASE 4: RESTART & LINEAGE RECONSTRUCTION (TEST004C) > A/B/C/K. complete persisted lifecycle -> exact reconstruction with all IDs/timestamps preserved
{
  severity_local: 'NOTICE',
  severity: 'NOTICE',
  code: '42P07',
  message: 'relation "career_learning_proposals" already exists, skipping',
  file: 'parse_utilcmd.c',
  line: '207',
  routine: 'transformCreateStmt'
}

stdout | test/career-lifecycle-recovery.test.ts > CONDYN Career Analysis Protocol v4.0 - PHASE 4: RESTART & LINEAGE RECONSTRUCTION (TEST004C) > A/B/C/K. complete persisted lifecycle -> exact reconstruction with all IDs/timestamps preserved
{
  severity_local: 'NOTICE',
  severity: 'NOTICE',
  code: '42P07',
  message: 'relation "career_policy_evaluations" already exists, skipping',
  file: 'parse_utilcmd.c',
  line: '207',
  routine: 'transformCreateStmt'
}

stdout | test/career-lifecycle-recovery.test.ts > CONDYN Career Analysis Protocol v4.0 - PHASE 4: RESTART & LINEAGE RECONSTRUCTION (TEST004C) > D. Recommendation policy binding preserved
{
  severity_local: 'NOTICE',
  severity: 'NOTICE',
  code: '42P07',
  message: 'relation "career_analyses" already exists, skipping',
  file: 'parse_utilcmd.c',
  line: '207',
  routine: 'transformCreateStmt'
}

stdout | test/career-lifecycle-recovery.test.ts > CONDYN Career Analysis Protocol v4.0 - PHASE 4: RESTART & LINEAGE RECONSTRUCTION (TEST004C) > D. Recommendation policy binding preserved
{
  severity_local: 'NOTICE',
  severity: 'NOTICE',
  code: '42P07',
  message: 'relation "career_recommendations" already exists, skipping',
  file: 'parse_utilcmd.c',
  line: '207',
  routine: 'transformCreateStmt'
}

stdout | test/career-lifecycle-recovery.test.ts > CONDYN Career Analysis Protocol v4.0 - PHASE 4: RESTART & LINEAGE RECONSTRUCTION (TEST004C) > D. Recommendation policy binding preserved
{
  severity_local: 'NOTICE',
  severity: 'NOTICE',
  code: '42P07',
  message: 'relation "career_decisions" already exists, skipping',
  file: 'parse_utilcmd.c',
  line: '207',
  routine: 'transformCreateStmt'
}

stdout | test/career-lifecycle-recovery.test.ts > CONDYN Career Analysis Protocol v4.0 - PHASE 4: RESTART & LINEAGE RECONSTRUCTION (TEST004C) > D. Recommendation policy binding preserved
{
  severity_local: 'NOTICE',
  severity: 'NOTICE',
  code: '42P07',
  message: 'relation "career_commitments" already exists, skipping',
  file: 'parse_utilcmd.c',
  line: '207',
  routine: 'transformCreateStmt'
}

stdout | test/career-lifecycle-recovery.test.ts > CONDYN Career Analysis Protocol v4.0 - PHASE 4: RESTART & LINEAGE RECONSTRUCTION (TEST004C) > D. Recommendation policy binding preserved
{
  severity_local: 'NOTICE',
  severity: 'NOTICE',
  code: '42P07',
  message: 'relation "career_actions" already exists, skipping',
  file: 'parse_utilcmd.c',
  line: '207',
  routine: 'transformCreateStmt'
}

stdout | test/career-lifecycle-recovery.test.ts > CONDYN Career Analysis Protocol v4.0 - PHASE 4: RESTART & LINEAGE RECONSTRUCTION (TEST004C) > D. Recommendation policy binding preserved
{
  severity_local: 'NOTICE',
  severity: 'NOTICE',
  code: '42P07',
  message: 'relation "career_outcomes" already exists, skipping',
  file: 'parse_utilcmd.c',
  line: '207',
  routine: 'transformCreateStmt'
}

stdout | test/career-lifecycle-recovery.test.ts > CONDYN Career Analysis Protocol v4.0 - PHASE 4: RESTART & LINEAGE RECONSTRUCTION (TEST004C) > D. Recommendation policy binding preserved
{
  severity_local: 'NOTICE',
  severity: 'NOTICE',
  code: '42P07',
  message: 'relation "career_feedback" already exists, skipping',
  file: 'parse_utilcmd.c',
  line: '207',
  routine: 'transformCreateStmt'
}

stdout | test/career-lifecycle-recovery.test.ts > CONDYN Career Analysis Protocol v4.0 - PHASE 4: RESTART & LINEAGE RECONSTRUCTION (TEST004C) > D. Recommendation policy binding preserved
{
  severity_local: 'NOTICE',
  severity: 'NOTICE',
  code: '42P07',
  message: 'relation "career_attributions" already exists, skipping',
  file: 'parse_utilcmd.c',
  line: '207',
  routine: 'transformCreateStmt'
}

stdout | test/career-lifecycle-recovery.test.ts > CONDYN Career Analysis Protocol v4.0 - PHASE 4: RESTART & LINEAGE RECONSTRUCTION (TEST004C) > D. Recommendation policy binding preserved
{
  severity_local: 'NOTICE',
  severity: 'NOTICE',
  code: '42P07',
  message: 'relation "career_policy_versions" already exists, skipping',
  file: 'parse_utilcmd.c',
  line: '207',
  routine: 'transformCreateStmt'
}

stdout | test/career-lifecycle-recovery.test.ts > CONDYN Career Analysis Protocol v4.0 - PHASE 4: RESTART & LINEAGE RECONSTRUCTION (TEST004C) > D. Recommendation policy binding preserved
{
  severity_local: 'NOTICE',
  severity: 'NOTICE',
  code: '42P07',
  message: 'relation "career_policy_families" already exists, skipping',
  file: 'parse_utilcmd.c',
  line: '207',
  routine: 'transformCreateStmt'
}

stdout | test/career-lifecycle-recovery.test.ts > CONDYN Career Analysis Protocol v4.0 - PHASE 4: RESTART & LINEAGE RECONSTRUCTION (TEST004C) > D. Recommendation policy binding preserved
{
  severity_local: 'NOTICE',
  severity: 'NOTICE',
  code: '42P07',
  message: 'relation "career_policy_promotions" already exists, skipping',
  file: 'parse_utilcmd.c',
  line: '207',
  routine: 'transformCreateStmt'
}

stdout | test/career-lifecycle-recovery.test.ts > CONDYN Career Analysis Protocol v4.0 - PHASE 4: RESTART & LINEAGE RECONSTRUCTION (TEST004C) > D. Recommendation policy binding preserved
{
  severity_local: 'NOTICE',
  severity: 'NOTICE',
  code: '42P07',
  message: 'relation "career_learning_proposals" already exists, skipping',
  file: 'parse_utilcmd.c',
  line: '207',
  routine: 'transformCreateStmt'
}

stdout | test/career-lifecycle-recovery.test.ts > CONDYN Career Analysis Protocol v4.0 - PHASE 4: RESTART & LINEAGE RECONSTRUCTION (TEST004C) > D. Recommendation policy binding preserved
{
  severity_local: 'NOTICE',
  severity: 'NOTICE',
  code: '42P07',
  message: 'relation "career_policy_evaluations" already exists, skipping',
  file: 'parse_utilcmd.c',
  line: '207',
  routine: 'transformCreateStmt'
}

 ✓ test/career-demo-e2e.test.tsx (5 tests) 109ms
 ✓ test/career-demo-ui.test.tsx (4 tests) 88ms
stdout | test/career-lifecycle-recovery.test.ts > CONDYN Career Analysis Protocol v4.0 - PHASE 4: RESTART & LINEAGE RECONSTRUCTION (TEST004C) > E. Evidence -> Document -> Source provenance preserved
{
  severity_local: 'NOTICE',
  severity: 'NOTICE',
  code: '42P07',
  message: 'relation "career_analyses" already exists, skipping',
  file: 'parse_utilcmd.c',
  line: '207',
  routine: 'transformCreateStmt'
}

stdout | test/career-lifecycle-recovery.test.ts > CONDYN Career Analysis Protocol v4.0 - PHASE 4: RESTART & LINEAGE RECONSTRUCTION (TEST004C) > E. Evidence -> Document -> Source provenance preserved
{
  severity_local: 'NOTICE',
  severity: 'NOTICE',
  code: '42P07',
  message: 'relation "career_recommendations" already exists, skipping',
  file: 'parse_utilcmd.c',
  line: '207',
  routine: 'transformCreateStmt'
}

stdout | test/career-lifecycle-recovery.test.ts > CONDYN Career Analysis Protocol v4.0 - PHASE 4: RESTART & LINEAGE RECONSTRUCTION (TEST004C) > E. Evidence -> Document -> Source provenance preserved
{
  severity_local: 'NOTICE',
  severity: 'NOTICE',
  code: '42P07',
  message: 'relation "career_decisions" already exists, skipping',
  file: 'parse_utilcmd.c',
  line: '207',
  routine: 'transformCreateStmt'
}

stdout | test/career-lifecycle-recovery.test.ts > CONDYN Career Analysis Protocol v4.0 - PHASE 4: RESTART & LINEAGE RECONSTRUCTION (TEST004C) > E. Evidence -> Document -> Source provenance preserved
{
  severity_local: 'NOTICE',
  severity: 'NOTICE',
  code: '42P07',
  message: 'relation "career_commitments" already exists, skipping',
  file: 'parse_utilcmd.c',
  line: '207',
  routine: 'transformCreateStmt'
}

stdout | test/career-lifecycle-recovery.test.ts > CONDYN Career Analysis Protocol v4.0 - PHASE 4: RESTART & LINEAGE RECONSTRUCTION (TEST004C) > E. Evidence -> Document -> Source provenance preserved
{
  severity_local: 'NOTICE',
  severity: 'NOTICE',
  code: '42P07',
  message: 'relation "career_actions" already exists, skipping',
  file: 'parse_utilcmd.c',
  line: '207',
  routine: 'transformCreateStmt'
}

stdout | test/career-lifecycle-recovery.test.ts > CONDYN Career Analysis Protocol v4.0 - PHASE 4: RESTART & LINEAGE RECONSTRUCTION (TEST004C) > E. Evidence -> Document -> Source provenance preserved
{
  severity_local: 'NOTICE',
  severity: 'NOTICE',
  code: '42P07',
  message: 'relation "career_outcomes" already exists, skipping',
  file: 'parse_utilcmd.c',
  line: '207',
  routine: 'transformCreateStmt'
}

stdout | test/career-lifecycle-recovery.test.ts > CONDYN Career Analysis Protocol v4.0 - PHASE 4: RESTART & LINEAGE RECONSTRUCTION (TEST004C) > E. Evidence -> Document -> Source provenance preserved
{
  severity_local: 'NOTICE',
  severity: 'NOTICE',
  code: '42P07',
  message: 'relation "career_feedback" already exists, skipping',
  file: 'parse_utilcmd.c',
  line: '207',
  routine: 'transformCreateStmt'
}

stdout | test/career-lifecycle-recovery.test.ts > CONDYN Career Analysis Protocol v4.0 - PHASE 4: RESTART & LINEAGE RECONSTRUCTION (TEST004C) > E. Evidence -> Document -> Source provenance preserved
{
  severity_local: 'NOTICE',
  severity: 'NOTICE',
  code: '42P07',
  message: 'relation "career_attributions" already exists, skipping',
  file: 'parse_utilcmd.c',
  line: '207',
  routine: 'transformCreateStmt'
}

stdout | test/career-lifecycle-recovery.test.ts > CONDYN Career Analysis Protocol v4.0 - PHASE 4: RESTART & LINEAGE RECONSTRUCTION (TEST004C) > E. Evidence -> Document -> Source provenance preserved
{
  severity_local: 'NOTICE',
  severity: 'NOTICE',
  code: '42P07',
  message: 'relation "career_policy_versions" already exists, skipping',
  file: 'parse_utilcmd.c',
  line: '207',
  routine: 'transformCreateStmt'
}

stdout | test/career-lifecycle-recovery.test.ts > CONDYN Career Analysis Protocol v4.0 - PHASE 4: RESTART & LINEAGE RECONSTRUCTION (TEST004C) > E. Evidence -> Document -> Source provenance preserved
{
  severity_local: 'NOTICE',
  severity: 'NOTICE',
  code: '42P07',
  message: 'relation "career_policy_families" already exists, skipping',
  file: 'parse_utilcmd.c',
  line: '207',
  routine: 'transformCreateStmt'
}

stdout | test/career-lifecycle-recovery.test.ts > CONDYN Career Analysis Protocol v4.0 - PHASE 4: RESTART & LINEAGE RECONSTRUCTION (TEST004C) > E. Evidence -> Document -> Source provenance preserved
{
  severity_local: 'NOTICE',
  severity: 'NOTICE',
  code: '42P07',
  message: 'relation "career_policy_promotions" already exists, skipping',
  file: 'parse_utilcmd.c',
  line: '207',
  routine: 'transformCreateStmt'
}

stdout | test/career-policy-activation-atomicity.test.ts > CONDYN Career Analysis Protocol v4.0 - PHASE 4: ATOMIC POLICY ACTIVATION (TEST004D) > E. promotion without actor -> FAIL
{
  severity_local: 'NOTICE',
  severity: 'NOTICE',
  code: '42P07',
  message: 'relation "career_analyses" already exists, skipping',
  file: 'parse_utilcmd.c',
  line: '207',
  routine: 'transformCreateStmt'
}

stdout | test/career-lifecycle-recovery.test.ts > CONDYN Career Analysis Protocol v4.0 - PHASE 4: RESTART & LINEAGE RECONSTRUCTION (TEST004C) > E. Evidence -> Document -> Source provenance preserved
{
  severity_local: 'NOTICE',
  severity: 'NOTICE',
  code: '42P07',
  message: 'relation "career_learning_proposals" already exists, skipping',
  file: 'parse_utilcmd.c',
  line: '207',
  routine: 'transformCreateStmt'
}

stdout | test/career-lifecycle-recovery.test.ts > CONDYN Career Analysis Protocol v4.0 - PHASE 4: RESTART & LINEAGE RECONSTRUCTION (TEST004C) > E. Evidence -> Document -> Source provenance preserved
{
  severity_local: 'NOTICE',
  severity: 'NOTICE',
  code: '42P07',
  message: 'relation "career_policy_evaluations" already exists, skipping',
  file: 'parse_utilcmd.c',
  line: '207',
  routine: 'transformCreateStmt'
}

stdout | test/career-policy-activation-atomicity.test.ts > CONDYN Career Analysis Protocol v4.0 - PHASE 4: ATOMIC POLICY ACTIVATION (TEST004D) > E. promotion without actor -> FAIL
{
  severity_local: 'NOTICE',
  severity: 'NOTICE',
  code: '42P07',
  message: 'relation "career_recommendations" already exists, skipping',
  file: 'parse_utilcmd.c',
  line: '207',
  routine: 'transformCreateStmt'
}

stdout | test/career-policy-activation-atomicity.test.ts > CONDYN Career Analysis Protocol v4.0 - PHASE 4: ATOMIC POLICY ACTIVATION (TEST004D) > E. promotion without actor -> FAIL
{
  severity_local: 'NOTICE',
  severity: 'NOTICE',
  code: '42P07',
  message: 'relation "career_decisions" already exists, skipping',
  file: 'parse_utilcmd.c',
  line: '207',
  routine: 'transformCreateStmt'
}

stdout | test/career-policy-activation-atomicity.test.ts > CONDYN Career Analysis Protocol v4.0 - PHASE 4: ATOMIC POLICY ACTIVATION (TEST004D) > E. promotion without actor -> FAIL
{
  severity_local: 'NOTICE',
  severity: 'NOTICE',
  code: '42P07',
  message: 'relation "career_commitments" already exists, skipping',
  file: 'parse_utilcmd.c',
  line: '207',
  routine: 'transformCreateStmt'
}

stdout | test/career-policy-activation-atomicity.test.ts > CONDYN Career Analysis Protocol v4.0 - PHASE 4: ATOMIC POLICY ACTIVATION (TEST004D) > E. promotion without actor -> FAIL
{
  severity_local: 'NOTICE',
  severity: 'NOTICE',
  code: '42P07',
  message: 'relation "career_actions" already exists, skipping',
  file: 'parse_utilcmd.c',
  line: '207',
  routine: 'transformCreateStmt'
}

stdout | test/career-policy-activation-atomicity.test.ts > CONDYN Career Analysis Protocol v4.0 - PHASE 4: ATOMIC POLICY ACTIVATION (TEST004D) > E. promotion without actor -> FAIL
{
  severity_local: 'NOTICE',
  severity: 'NOTICE',
  code: '42P07',
  message: 'relation "career_outcomes" already exists, skipping',
  file: 'parse_utilcmd.c',
  line: '207',
  routine: 'transformCreateStmt'
}

stdout | test/career-policy-activation-atomicity.test.ts > CONDYN Career Analysis Protocol v4.0 - PHASE 4: ATOMIC POLICY ACTIVATION (TEST004D) > E. promotion without actor -> FAIL
{
  severity_local: 'NOTICE',
  severity: 'NOTICE',
  code: '42P07',
  message: 'relation "career_feedback" already exists, skipping',
  file: 'parse_utilcmd.c',
  line: '207',
  routine: 'transformCreateStmt'
}

stdout | test/career-policy-activation-atomicity.test.ts > CONDYN Career Analysis Protocol v4.0 - PHASE 4: ATOMIC POLICY ACTIVATION (TEST004D) > E. promotion without actor -> FAIL
{
  severity_local: 'NOTICE',
  severity: 'NOTICE',
  code: '42P07',
  message: 'relation "career_attributions" already exists, skipping',
  file: 'parse_utilcmd.c',
  line: '207',
  routine: 'transformCreateStmt'
}

stdout | test/career-policy-activation-atomicity.test.ts > CONDYN Career Analysis Protocol v4.0 - PHASE 4: ATOMIC POLICY ACTIVATION (TEST004D) > E. promotion without actor -> FAIL
{
  severity_local: 'NOTICE',
  severity: 'NOTICE',
  code: '42P07',
  message: 'relation "career_policy_versions" already exists, skipping',
  file: 'parse_utilcmd.c',
  line: '207',
  routine: 'transformCreateStmt'
}

stdout | test/career-policy-activation-atomicity.test.ts > CONDYN Career Analysis Protocol v4.0 - PHASE 4: ATOMIC POLICY ACTIVATION (TEST004D) > E. promotion without actor -> FAIL
{
  severity_local: 'NOTICE',
  severity: 'NOTICE',
  code: '42P07',
  message: 'relation "career_policy_families" already exists, skipping',
  file: 'parse_utilcmd.c',
  line: '207',
  routine: 'transformCreateStmt'
}

stdout | test/career-policy-activation-atomicity.test.ts > CONDYN Career Analysis Protocol v4.0 - PHASE 4: ATOMIC POLICY ACTIVATION (TEST004D) > E. promotion without actor -> FAIL
{
  severity_local: 'NOTICE',
  severity: 'NOTICE',
  code: '42P07',
  message: 'relation "career_policy_promotions" already exists, skipping',
  file: 'parse_utilcmd.c',
  line: '207',
  routine: 'transformCreateStmt'
}

stdout | test/career-policy-activation-atomicity.test.ts > CONDYN Career Analysis Protocol v4.0 - PHASE 4: ATOMIC POLICY ACTIVATION (TEST004D) > E. promotion without actor -> FAIL
{
  severity_local: 'NOTICE',
  severity: 'NOTICE',
  code: '42P07',
  message: 'relation "career_learning_proposals" already exists, skipping',
  file: 'parse_utilcmd.c',
  line: '207',
  routine: 'transformCreateStmt'
}

stdout | test/career-policy-activation-atomicity.test.ts > CONDYN Career Analysis Protocol v4.0 - PHASE 4: ATOMIC POLICY ACTIVATION (TEST004D) > E. promotion without actor -> FAIL
{
  severity_local: 'NOTICE',
  severity: 'NOTICE',
  code: '42P07',
  message: 'relation "career_policy_evaluations" already exists, skipping',
  file: 'parse_utilcmd.c',
  line: '207',
  routine: 'transformCreateStmt'
}

stdout | test/career-policy-activation-atomicity.test.ts > CONDYN Career Analysis Protocol v4.0 - PHASE 4: ATOMIC POLICY ACTIVATION (TEST004D) > F. unknown candidate policy -> FAIL
{
  severity_local: 'NOTICE',
  severity: 'NOTICE',
  code: '42P07',
  message: 'relation "career_analyses" already exists, skipping',
  file: 'parse_utilcmd.c',
  line: '207',
  routine: 'transformCreateStmt'
}

stdout | test/career-policy-activation-atomicity.test.ts > CONDYN Career Analysis Protocol v4.0 - PHASE 4: ATOMIC POLICY ACTIVATION (TEST004D) > F. unknown candidate policy -> FAIL
{
  severity_local: 'NOTICE',
  severity: 'NOTICE',
  code: '42P07',
  message: 'relation "career_recommendations" already exists, skipping',
  file: 'parse_utilcmd.c',
  line: '207',
  routine: 'transformCreateStmt'
}

stdout | test/career-policy-activation-atomicity.test.ts > CONDYN Career Analysis Protocol v4.0 - PHASE 4: ATOMIC POLICY ACTIVATION (TEST004D) > F. unknown candidate policy -> FAIL
{
  severity_local: 'NOTICE',
  severity: 'NOTICE',
  code: '42P07',
  message: 'relation "career_decisions" already exists, skipping',
  file: 'parse_utilcmd.c',
  line: '207',
  routine: 'transformCreateStmt'
}

stdout | test/career-policy-activation-atomicity.test.ts > CONDYN Career Analysis Protocol v4.0 - PHASE 4: ATOMIC POLICY ACTIVATION (TEST004D) > F. unknown candidate policy -> FAIL
{
  severity_local: 'NOTICE',
  severity: 'NOTICE',
  code: '42P07',
  message: 'relation "career_commitments" already exists, skipping',
  file: 'parse_utilcmd.c',
  line: '207',
  routine: 'transformCreateStmt'
}

stdout | test/career-policy-activation-atomicity.test.ts > CONDYN Career Analysis Protocol v4.0 - PHASE 4: ATOMIC POLICY ACTIVATION (TEST004D) > F. unknown candidate policy -> FAIL
{
  severity_local: 'NOTICE',
  severity: 'NOTICE',
  code: '42P07',
  message: 'relation "career_actions" already exists, skipping',
  file: 'parse_utilcmd.c',
  line: '207',
  routine: 'transformCreateStmt'
}

stdout | test/career-lifecycle-recovery.test.ts > CONDYN Career Analysis Protocol v4.0 - PHASE 4: RESTART & LINEAGE RECONSTRUCTION (TEST004C) > F. missing parent artifact -> ERR_LIFECYCLE_RECOVERY_BROKEN_LINEAGE
{
  severity_local: 'NOTICE',
  severity: 'NOTICE',
  code: '42P07',
  message: 'relation "career_analyses" already exists, skipping',
  file: 'parse_utilcmd.c',
  line: '207',
  routine: 'transformCreateStmt'
}

stdout | test/career-policy-activation-atomicity.test.ts > CONDYN Career Analysis Protocol v4.0 - PHASE 4: ATOMIC POLICY ACTIVATION (TEST004D) > F. unknown candidate policy -> FAIL
{
  severity_local: 'NOTICE',
  severity: 'NOTICE',
  code: '42P07',
  message: 'relation "career_outcomes" already exists, skipping',
  file: 'parse_utilcmd.c',
  line: '207',
  routine: 'transformCreateStmt'
}

stdout | test/career-lifecycle-recovery.test.ts > CONDYN Career Analysis Protocol v4.0 - PHASE 4: RESTART & LINEAGE RECONSTRUCTION (TEST004C) > F. missing parent artifact -> ERR_LIFECYCLE_RECOVERY_BROKEN_LINEAGE
{
  severity_local: 'NOTICE',
  severity: 'NOTICE',
  code: '42P07',
  message: 'relation "career_recommendations" already exists, skipping',
  file: 'parse_utilcmd.c',
  line: '207',
  routine: 'transformCreateStmt'
}

stdout | test/career-policy-activation-atomicity.test.ts > CONDYN Career Analysis Protocol v4.0 - PHASE 4: ATOMIC POLICY ACTIVATION (TEST004D) > F. unknown candidate policy -> FAIL
{
  severity_local: 'NOTICE',
  severity: 'NOTICE',
  code: '42P07',
  message: 'relation "career_feedback" already exists, skipping',
  file: 'parse_utilcmd.c',
  line: '207',
  routine: 'transformCreateStmt'
}

stdout | test/career-policy-activation-atomicity.test.ts > CONDYN Career Analysis Protocol v4.0 - PHASE 4: ATOMIC POLICY ACTIVATION (TEST004D) > F. unknown candidate policy -> FAIL
{
  severity_local: 'NOTICE',
  severity: 'NOTICE',
  code: '42P07',
  message: 'relation "career_attributions" already exists, skipping',
  file: 'parse_utilcmd.c',
  line: '207',
  routine: 'transformCreateStmt'
}

stdout | test/career-lifecycle-recovery.test.ts > CONDYN Career Analysis Protocol v4.0 - PHASE 4: RESTART & LINEAGE RECONSTRUCTION (TEST004C) > F. missing parent artifact -> ERR_LIFECYCLE_RECOVERY_BROKEN_LINEAGE
{
  severity_local: 'NOTICE',
  severity: 'NOTICE',
  code: '42P07',
  message: 'relation "career_decisions" already exists, skipping',
  file: 'parse_utilcmd.c',
  line: '207',
  routine: 'transformCreateStmt'
}

stdout | test/career-policy-activation-atomicity.test.ts > CONDYN Career Analysis Protocol v4.0 - PHASE 4: ATOMIC POLICY ACTIVATION (TEST004D) > F. unknown candidate policy -> FAIL
{
  severity_local: 'NOTICE',
  severity: 'NOTICE',
  code: '42P07',
  message: 'relation "career_policy_versions" already exists, skipping',
  file: 'parse_utilcmd.c',
  line: '207',
  routine: 'transformCreateStmt'
}

stdout | test/career-lifecycle-recovery.test.ts > CONDYN Career Analysis Protocol v4.0 - PHASE 4: RESTART & LINEAGE RECONSTRUCTION (TEST004C) > F. missing parent artifact -> ERR_LIFECYCLE_RECOVERY_BROKEN_LINEAGE
{
  severity_local: 'NOTICE',
  severity: 'NOTICE',
  code: '42P07',
  message: 'relation "career_commitments" already exists, skipping',
  file: 'parse_utilcmd.c',
  line: '207',
  routine: 'transformCreateStmt'
}

stdout | test/career-lifecycle-recovery.test.ts > CONDYN Career Analysis Protocol v4.0 - PHASE 4: RESTART & LINEAGE RECONSTRUCTION (TEST004C) > F. missing parent artifact -> ERR_LIFECYCLE_RECOVERY_BROKEN_LINEAGE
{
  severity_local: 'NOTICE',
  severity: 'NOTICE',
  code: '42P07',
  message: 'relation "career_actions" already exists, skipping',
  file: 'parse_utilcmd.c',
  line: '207',
  routine: 'transformCreateStmt'
}

stdout | test/career-lifecycle-recovery.test.ts > CONDYN Career Analysis Protocol v4.0 - PHASE 4: RESTART & LINEAGE RECONSTRUCTION (TEST004C) > F. missing parent artifact -> ERR_LIFECYCLE_RECOVERY_BROKEN_LINEAGE
{
  severity_local: 'NOTICE',
  severity: 'NOTICE',
  code: '42P07',
  message: 'relation "career_outcomes" already exists, skipping',
  file: 'parse_utilcmd.c',
  line: '207',
  routine: 'transformCreateStmt'
}

stdout | test/career-lifecycle-recovery.test.ts > CONDYN Career Analysis Protocol v4.0 - PHASE 4: RESTART & LINEAGE RECONSTRUCTION (TEST004C) > F. missing parent artifact -> ERR_LIFECYCLE_RECOVERY_BROKEN_LINEAGE
{
  severity_local: 'NOTICE',
  severity: 'NOTICE',
  code: '42P07',
  message: 'relation "career_feedback" already exists, skipping',
  file: 'parse_utilcmd.c',
  line: '207',
  routine: 'transformCreateStmt'
}

stdout | test/career-policy-activation-atomicity.test.ts > CONDYN Career Analysis Protocol v4.0 - PHASE 4: ATOMIC POLICY ACTIVATION (TEST004D) > F. unknown candidate policy -> FAIL
{
  severity_local: 'NOTICE',
  severity: 'NOTICE',
  code: '42P07',
  message: 'relation "career_policy_families" already exists, skipping',
  file: 'parse_utilcmd.c',
  line: '207',
  routine: 'transformCreateStmt'
}

stdout | test/career-policy-activation-atomicity.test.ts > CONDYN Career Analysis Protocol v4.0 - PHASE 4: ATOMIC POLICY ACTIVATION (TEST004D) > F. unknown candidate policy -> FAIL
{
  severity_local: 'NOTICE',
  severity: 'NOTICE',
  code: '42P07',
  message: 'relation "career_policy_promotions" already exists, skipping',
  file: 'parse_utilcmd.c',
  line: '207',
  routine: 'transformCreateStmt'
}

stdout | test/career-lifecycle-recovery.test.ts > CONDYN Career Analysis Protocol v4.0 - PHASE 4: RESTART & LINEAGE RECONSTRUCTION (TEST004C) > F. missing parent artifact -> ERR_LIFECYCLE_RECOVERY_BROKEN_LINEAGE
{
  severity_local: 'NOTICE',
  severity: 'NOTICE',
  code: '42P07',
  message: 'relation "career_attributions" already exists, skipping',
  file: 'parse_utilcmd.c',
  line: '207',
  routine: 'transformCreateStmt'
}

stdout | test/career-lifecycle-recovery.test.ts > CONDYN Career Analysis Protocol v4.0 - PHASE 4: RESTART & LINEAGE RECONSTRUCTION (TEST004C) > F. missing parent artifact -> ERR_LIFECYCLE_RECOVERY_BROKEN_LINEAGE
{
  severity_local: 'NOTICE',
  severity: 'NOTICE',
  code: '42P07',
  message: 'relation "career_policy_versions" already exists, skipping',
  file: 'parse_utilcmd.c',
  line: '207',
  routine: 'transformCreateStmt'
}

stdout | test/career-policy-activation-atomicity.test.ts > CONDYN Career Analysis Protocol v4.0 - PHASE 4: ATOMIC POLICY ACTIVATION (TEST004D) > F. unknown candidate policy -> FAIL
{
  severity_local: 'NOTICE',
  severity: 'NOTICE',
  code: '42P07',
  message: 'relation "career_learning_proposals" already exists, skipping',
  file: 'parse_utilcmd.c',
  line: '207',
  routine: 'transformCreateStmt'
}

stdout | test/career-lifecycle-recovery.test.ts > CONDYN Career Analysis Protocol v4.0 - PHASE 4: RESTART & LINEAGE RECONSTRUCTION (TEST004C) > F. missing parent artifact -> ERR_LIFECYCLE_RECOVERY_BROKEN_LINEAGE
{
  severity_local: 'NOTICE',
  severity: 'NOTICE',
  code: '42P07',
  message: 'relation "career_policy_families" already exists, skipping',
  file: 'parse_utilcmd.c',
  line: '207',
  routine: 'transformCreateStmt'
}

stdout | test/career-lifecycle-recovery.test.ts > CONDYN Career Analysis Protocol v4.0 - PHASE 4: RESTART & LINEAGE RECONSTRUCTION (TEST004C) > F. missing parent artifact -> ERR_LIFECYCLE_RECOVERY_BROKEN_LINEAGE
{
  severity_local: 'NOTICE',
  severity: 'NOTICE',
  code: '42P07',
  message: 'relation "career_policy_promotions" already exists, skipping',
  file: 'parse_utilcmd.c',
  line: '207',
  routine: 'transformCreateStmt'
}

stdout | test/career-lifecycle-recovery.test.ts > CONDYN Career Analysis Protocol v4.0 - PHASE 4: RESTART & LINEAGE RECONSTRUCTION (TEST004C) > F. missing parent artifact -> ERR_LIFECYCLE_RECOVERY_BROKEN_LINEAGE
{
  severity_local: 'NOTICE',
  severity: 'NOTICE',
  code: '42P07',
  message: 'relation "career_learning_proposals" already exists, skipping',
  file: 'parse_utilcmd.c',
  line: '207',
  routine: 'transformCreateStmt'
}

stdout | test/career-policy-activation-atomicity.test.ts > CONDYN Career Analysis Protocol v4.0 - PHASE 4: ATOMIC POLICY ACTIVATION (TEST004D) > F. unknown candidate policy -> FAIL
{
  severity_local: 'NOTICE',
  severity: 'NOTICE',
  code: '42P07',
  message: 'relation "career_policy_evaluations" already exists, skipping',
  file: 'parse_utilcmd.c',
  line: '207',
  routine: 'transformCreateStmt'
}

stdout | test/career-lifecycle-recovery.test.ts > CONDYN Career Analysis Protocol v4.0 - PHASE 4: RESTART & LINEAGE RECONSTRUCTION (TEST004C) > F. missing parent artifact -> ERR_LIFECYCLE_RECOVERY_BROKEN_LINEAGE
{
  severity_local: 'NOTICE',
  severity: 'NOTICE',
  code: '42P07',
  message: 'relation "career_policy_evaluations" already exists, skipping',
  file: 'parse_utilcmd.c',
  line: '207',
  routine: 'transformCreateStmt'
}

stdout | test/career-lifecycle-recovery.test.ts > CONDYN Career Analysis Protocol v4.0 - PHASE 4: RESTART & LINEAGE RECONSTRUCTION (TEST004C) > G. tampered JSONB -> ERR_PERSISTED_ARTIFACT_INTEGRITY
{
  severity_local: 'NOTICE',
  severity: 'NOTICE',
  code: '42P07',
  message: 'relation "career_analyses" already exists, skipping',
  file: 'parse_utilcmd.c',
  line: '207',
  routine: 'transformCreateStmt'
}

stdout | test/career-lifecycle-recovery.test.ts > CONDYN Career Analysis Protocol v4.0 - PHASE 4: RESTART & LINEAGE RECONSTRUCTION (TEST004C) > G. tampered JSONB -> ERR_PERSISTED_ARTIFACT_INTEGRITY
{
  severity_local: 'NOTICE',
  severity: 'NOTICE',
  code: '42P07',
  message: 'relation "career_recommendations" already exists, skipping',
  file: 'parse_utilcmd.c',
  line: '207',
  routine: 'transformCreateStmt'
}

stdout | test/career-lifecycle-recovery.test.ts > CONDYN Career Analysis Protocol v4.0 - PHASE 4: RESTART & LINEAGE RECONSTRUCTION (TEST004C) > G. tampered JSONB -> ERR_PERSISTED_ARTIFACT_INTEGRITY
{
  severity_local: 'NOTICE',
  severity: 'NOTICE',
  code: '42P07',
  message: 'relation "career_decisions" already exists, skipping',
  file: 'parse_utilcmd.c',
  line: '207',
  routine: 'transformCreateStmt'
}

stdout | test/career-lifecycle-recovery.test.ts > CONDYN Career Analysis Protocol v4.0 - PHASE 4: RESTART & LINEAGE RECONSTRUCTION (TEST004C) > G. tampered JSONB -> ERR_PERSISTED_ARTIFACT_INTEGRITY
{
  severity_local: 'NOTICE',
  severity: 'NOTICE',
  code: '42P07',
  message: 'relation "career_commitments" already exists, skipping',
  file: 'parse_utilcmd.c',
  line: '207',
  routine: 'transformCreateStmt'
}

stdout | test/career-lifecycle-recovery.test.ts > CONDYN Career Analysis Protocol v4.0 - PHASE 4: RESTART & LINEAGE RECONSTRUCTION (TEST004C) > G. tampered JSONB -> ERR_PERSISTED_ARTIFACT_INTEGRITY
{
  severity_local: 'NOTICE',
  severity: 'NOTICE',
  code: '42P07',
  message: 'relation "career_actions" already exists, skipping',
  file: 'parse_utilcmd.c',
  line: '207',
  routine: 'transformCreateStmt'
}

stdout | test/career-policy-activation-atomicity.test.ts > CONDYN Career Analysis Protocol v4.0 - PHASE 4: ATOMIC POLICY ACTIVATION (TEST004D) > G. policy from wrong family -> FAIL
{
  severity_local: 'NOTICE',
  severity: 'NOTICE',
  code: '42P07',
  message: 'relation "career_analyses" already exists, skipping',
  file: 'parse_utilcmd.c',
  line: '207',
  routine: 'transformCreateStmt'
}

stdout | test/career-policy-activation-atomicity.test.ts > CONDYN Career Analysis Protocol v4.0 - PHASE 4: ATOMIC POLICY ACTIVATION (TEST004D) > G. policy from wrong family -> FAIL
{
  severity_local: 'NOTICE',
  severity: 'NOTICE',
  code: '42P07',
  message: 'relation "career_recommendations" already exists, skipping',
  file: 'parse_utilcmd.c',
  line: '207',
  routine: 'transformCreateStmt'
}

stdout | test/career-lifecycle-recovery.test.ts > CONDYN Career Analysis Protocol v4.0 - PHASE 4: RESTART & LINEAGE RECONSTRUCTION (TEST004C) > G. tampered JSONB -> ERR_PERSISTED_ARTIFACT_INTEGRITY
{
  severity_local: 'NOTICE',
  severity: 'NOTICE',
  code: '42P07',
  message: 'relation "career_outcomes" already exists, skipping',
  file: 'parse_utilcmd.c',
  line: '207',
  routine: 'transformCreateStmt'
}

stdout | test/career-policy-activation-atomicity.test.ts > CONDYN Career Analysis Protocol v4.0 - PHASE 4: ATOMIC POLICY ACTIVATION (TEST004D) > G. policy from wrong family -> FAIL
{
  severity_local: 'NOTICE',
  severity: 'NOTICE',
  code: '42P07',
  message: 'relation "career_decisions" already exists, skipping',
  file: 'parse_utilcmd.c',
  line: '207',
  routine: 'transformCreateStmt'
}

stdout | test/career-lifecycle-recovery.test.ts > CONDYN Career Analysis Protocol v4.0 - PHASE 4: RESTART & LINEAGE RECONSTRUCTION (TEST004C) > G. tampered JSONB -> ERR_PERSISTED_ARTIFACT_INTEGRITY
{
  severity_local: 'NOTICE',
  severity: 'NOTICE',
  code: '42P07',
  message: 'relation "career_feedback" already exists, skipping',
  file: 'parse_utilcmd.c',
  line: '207',
  routine: 'transformCreateStmt'
}

stdout | test/career-lifecycle-recovery.test.ts > CONDYN Career Analysis Protocol v4.0 - PHASE 4: RESTART & LINEAGE RECONSTRUCTION (TEST004C) > G. tampered JSONB -> ERR_PERSISTED_ARTIFACT_INTEGRITY
{
  severity_local: 'NOTICE',
  severity: 'NOTICE',
  code: '42P07',
  message: 'relation "career_attributions" already exists, skipping',
  file: 'parse_utilcmd.c',
  line: '207',
  routine: 'transformCreateStmt'
}

stdout | test/career-policy-activation-atomicity.test.ts > CONDYN Career Analysis Protocol v4.0 - PHASE 4: ATOMIC POLICY ACTIVATION (TEST004D) > G. policy from wrong family -> FAIL
{
  severity_local: 'NOTICE',
  severity: 'NOTICE',
  code: '42P07',
  message: 'relation "career_commitments" already exists, skipping',
  file: 'parse_utilcmd.c',
  line: '207',
  routine: 'transformCreateStmt'
}

stdout | test/career-lifecycle-recovery.test.ts > CONDYN Career Analysis Protocol v4.0 - PHASE 4: RESTART & LINEAGE RECONSTRUCTION (TEST004C) > G. tampered JSONB -> ERR_PERSISTED_ARTIFACT_INTEGRITY
{
  severity_local: 'NOTICE',
  severity: 'NOTICE',
  code: '42P07',
  message: 'relation "career_policy_versions" already exists, skipping',
  file: 'parse_utilcmd.c',
  line: '207',
  routine: 'transformCreateStmt'
}

stdout | test/career-lifecycle-recovery.test.ts > CONDYN Career Analysis Protocol v4.0 - PHASE 4: RESTART & LINEAGE RECONSTRUCTION (TEST004C) > G. tampered JSONB -> ERR_PERSISTED_ARTIFACT_INTEGRITY
{
  severity_local: 'NOTICE',
  severity: 'NOTICE',
  code: '42P07',
  message: 'relation "career_policy_families" already exists, skipping',
  file: 'parse_utilcmd.c',
  line: '207',
  routine: 'transformCreateStmt'
}

stdout | test/career-lifecycle-recovery.test.ts > CONDYN Career Analysis Protocol v4.0 - PHASE 4: RESTART & LINEAGE RECONSTRUCTION (TEST004C) > G. tampered JSONB -> ERR_PERSISTED_ARTIFACT_INTEGRITY
{
  severity_local: 'NOTICE',
  severity: 'NOTICE',
  code: '42P07',
  message: 'relation "career_policy_promotions" already exists, skipping',
  file: 'parse_utilcmd.c',
  line: '207',
  routine: 'transformCreateStmt'
}

stdout | test/career-policy-activation-atomicity.test.ts > CONDYN Career Analysis Protocol v4.0 - PHASE 4: ATOMIC POLICY ACTIVATION (TEST004D) > G. policy from wrong family -> FAIL
{
  severity_local: 'NOTICE',
  severity: 'NOTICE',
  code: '42P07',
  message: 'relation "career_actions" already exists, skipping',
  file: 'parse_utilcmd.c',
  line: '207',
  routine: 'transformCreateStmt'
}

stdout | test/career-lifecycle-recovery.test.ts > CONDYN Career Analysis Protocol v4.0 - PHASE 4: RESTART & LINEAGE RECONSTRUCTION (TEST004C) > G. tampered JSONB -> ERR_PERSISTED_ARTIFACT_INTEGRITY
{
  severity_local: 'NOTICE',
  severity: 'NOTICE',
  code: '42P07',
  message: 'relation "career_learning_proposals" already exists, skipping',
  file: 'parse_utilcmd.c',
  line: '207',
  routine: 'transformCreateStmt'
}

stdout | test/career-policy-activation-atomicity.test.ts > CONDYN Career Analysis Protocol v4.0 - PHASE 4: ATOMIC POLICY ACTIVATION (TEST004D) > G. policy from wrong family -> FAIL
{
  severity_local: 'NOTICE',
  severity: 'NOTICE',
  code: '42P07',
  message: 'relation "career_outcomes" already exists, skipping',
  file: 'parse_utilcmd.c',
  line: '207',
  routine: 'transformCreateStmt'
}

stdout | test/career-lifecycle-recovery.test.ts > CONDYN Career Analysis Protocol v4.0 - PHASE 4: RESTART & LINEAGE RECONSTRUCTION (TEST004C) > G. tampered JSONB -> ERR_PERSISTED_ARTIFACT_INTEGRITY
{
  severity_local: 'NOTICE',
  severity: 'NOTICE',
  code: '42P07',
  message: 'relation "career_policy_evaluations" already exists, skipping',
  file: 'parse_utilcmd.c',
  line: '207',
  routine: 'transformCreateStmt'
}

stdout | test/career-policy-activation-atomicity.test.ts > CONDYN Career Analysis Protocol v4.0 - PHASE 4: ATOMIC POLICY ACTIVATION (TEST004D) > G. policy from wrong family -> FAIL
{
  severity_local: 'NOTICE',
  severity: 'NOTICE',
  code: '42P07',
  message: 'relation "career_feedback" already exists, skipping',
  file: 'parse_utilcmd.c',
  line: '207',
  routine: 'transformCreateStmt'
}

stdout | test/career-policy-activation-atomicity.test.ts > CONDYN Career Analysis Protocol v4.0 - PHASE 4: ATOMIC POLICY ACTIVATION (TEST004D) > G. policy from wrong family -> FAIL
{
  severity_local: 'NOTICE',
  severity: 'NOTICE',
  code: '42P07',
  message: 'relation "career_attributions" already exists, skipping',
  file: 'parse_utilcmd.c',
  line: '207',
  routine: 'transformCreateStmt'
}

stdout | test/career-policy-activation-atomicity.test.ts > CONDYN Career Analysis Protocol v4.0 - PHASE 4: ATOMIC POLICY ACTIVATION (TEST004D) > G. policy from wrong family -> FAIL
{
  severity_local: 'NOTICE',
  severity: 'NOTICE',
  code: '42P07',
  message: 'relation "career_policy_versions" already exists, skipping',
  file: 'parse_utilcmd.c',
  line: '207',
  routine: 'transformCreateStmt'
}

stdout | test/career-policy-activation-atomicity.test.ts > CONDYN Career Analysis Protocol v4.0 - PHASE 4: ATOMIC POLICY ACTIVATION (TEST004D) > G. policy from wrong family -> FAIL
{
  severity_local: 'NOTICE',
  severity: 'NOTICE',
  code: '42P07',
  message: 'relation "career_policy_families" already exists, skipping',
  file: 'parse_utilcmd.c',
  line: '207',
  routine: 'transformCreateStmt'
}

stdout | test/career-policy-activation-atomicity.test.ts > CONDYN Career Analysis Protocol v4.0 - PHASE 4: ATOMIC POLICY ACTIVATION (TEST004D) > G. policy from wrong family -> FAIL
{
  severity_local: 'NOTICE',
  severity: 'NOTICE',
  code: '42P07',
  message: 'relation "career_policy_promotions" already exists, skipping',
  file: 'parse_utilcmd.c',
  line: '207',
  routine: 'transformCreateStmt'
}

stdout | test/career-policy-activation-atomicity.test.ts > CONDYN Career Analysis Protocol v4.0 - PHASE 4: ATOMIC POLICY ACTIVATION (TEST004D) > G. policy from wrong family -> FAIL
{
  severity_local: 'NOTICE',
  severity: 'NOTICE',
  code: '42P07',
  message: 'relation "career_learning_proposals" already exists, skipping',
  file: 'parse_utilcmd.c',
  line: '207',
  routine: 'transformCreateStmt'
}

stdout | test/career-policy-activation-atomicity.test.ts > CONDYN Career Analysis Protocol v4.0 - PHASE 4: ATOMIC POLICY ACTIVATION (TEST004D) > G. policy from wrong family -> FAIL
{
  severity_local: 'NOTICE',
  severity: 'NOTICE',
  code: '42P07',
  message: 'relation "career_policy_evaluations" already exists, skipping',
  file: 'parse_utilcmd.c',
  line: '207',
  routine: 'transformCreateStmt'
}

stdout | test/career-lifecycle-recovery.test.ts > CONDYN Career Analysis Protocol v4.0 - PHASE 4: RESTART & LINEAGE RECONSTRUCTION (TEST004C) > H/J. zero LLM calls during recovery + empty caches
{
  severity_local: 'NOTICE',
  severity: 'NOTICE',
  code: '42P07',
  message: 'relation "career_analyses" already exists, skipping',
  file: 'parse_utilcmd.c',
  line: '207',
  routine: 'transformCreateStmt'
}

stdout | test/career-lifecycle-recovery.test.ts > CONDYN Career Analysis Protocol v4.0 - PHASE 4: RESTART & LINEAGE RECONSTRUCTION (TEST004C) > H/J. zero LLM calls during recovery + empty caches
{
  severity_local: 'NOTICE',
  severity: 'NOTICE',
  code: '42P07',
  message: 'relation "career_recommendations" already exists, skipping',
  file: 'parse_utilcmd.c',
  line: '207',
  routine: 'transformCreateStmt'
}

stdout | test/career-lifecycle-recovery.test.ts > CONDYN Career Analysis Protocol v4.0 - PHASE 4: RESTART & LINEAGE RECONSTRUCTION (TEST004C) > H/J. zero LLM calls during recovery + empty caches
{
  severity_local: 'NOTICE',
  severity: 'NOTICE',
  code: '42P07',
  message: 'relation "career_decisions" already exists, skipping',
  file: 'parse_utilcmd.c',
  line: '207',
  routine: 'transformCreateStmt'
}

stdout | test/career-lifecycle-recovery.test.ts > CONDYN Career Analysis Protocol v4.0 - PHASE 4: RESTART & LINEAGE RECONSTRUCTION (TEST004C) > H/J. zero LLM calls during recovery + empty caches
{
  severity_local: 'NOTICE',
  severity: 'NOTICE',
  code: '42P07',
  message: 'relation "career_commitments" already exists, skipping',
  file: 'parse_utilcmd.c',
  line: '207',
  routine: 'transformCreateStmt'
}

stdout | test/career-lifecycle-recovery.test.ts > CONDYN Career Analysis Protocol v4.0 - PHASE 4: RESTART & LINEAGE RECONSTRUCTION (TEST004C) > H/J. zero LLM calls during recovery + empty caches
{
  severity_local: 'NOTICE',
  severity: 'NOTICE',
  code: '42P07',
  message: 'relation "career_actions" already exists, skipping',
  file: 'parse_utilcmd.c',
  line: '207',
  routine: 'transformCreateStmt'
}

stdout | test/career-lifecycle-recovery.test.ts > CONDYN Career Analysis Protocol v4.0 - PHASE 4: RESTART & LINEAGE RECONSTRUCTION (TEST004C) > H/J. zero LLM calls during recovery + empty caches
{
  severity_local: 'NOTICE',
  severity: 'NOTICE',
  code: '42P07',
  message: 'relation "career_outcomes" already exists, skipping',
  file: 'parse_utilcmd.c',
  line: '207',
  routine: 'transformCreateStmt'
}

stdout | test/career-lifecycle-recovery.test.ts > CONDYN Career Analysis Protocol v4.0 - PHASE 4: RESTART & LINEAGE RECONSTRUCTION (TEST004C) > H/J. zero LLM calls during recovery + empty caches
{
  severity_local: 'NOTICE',
  severity: 'NOTICE',
  code: '42P07',
  message: 'relation "career_feedback" already exists, skipping',
  file: 'parse_utilcmd.c',
  line: '207',
  routine: 'transformCreateStmt'
}

stdout | test/career-lifecycle-recovery.test.ts > CONDYN Career Analysis Protocol v4.0 - PHASE 4: RESTART & LINEAGE RECONSTRUCTION (TEST004C) > H/J. zero LLM calls during recovery + empty caches
{
  severity_local: 'NOTICE',
  severity: 'NOTICE',
  code: '42P07',
  message: 'relation "career_attributions" already exists, skipping',
  file: 'parse_utilcmd.c',
  line: '207',
  routine: 'transformCreateStmt'
}

stdout | test/career-lifecycle-recovery.test.ts > CONDYN Career Analysis Protocol v4.0 - PHASE 4: RESTART & LINEAGE RECONSTRUCTION (TEST004C) > H/J. zero LLM calls during recovery + empty caches
{
  severity_local: 'NOTICE',
  severity: 'NOTICE',
  code: '42P07',
  message: 'relation "career_policy_versions" already exists, skipping',
  file: 'parse_utilcmd.c',
  line: '207',
  routine: 'transformCreateStmt'
}

stdout | test/career-policy-activation-atomicity.test.ts > CONDYN Career Analysis Protocol v4.0 - PHASE 4: ATOMIC POLICY ACTIVATION (TEST004D) > H. expected active = V1 but head already = V2 -> ERR_POLICY_ACTIVATION_CONFLICT
{
  severity_local: 'NOTICE',
  severity: 'NOTICE',
  code: '42P07',
  message: 'relation "career_analyses" already exists, skipping',
  file: 'parse_utilcmd.c',
  line: '207',
  routine: 'transformCreateStmt'
}

stdout | test/career-policy-activation-atomicity.test.ts > CONDYN Career Analysis Protocol v4.0 - PHASE 4: ATOMIC POLICY ACTIVATION (TEST004D) > H. expected active = V1 but head already = V2 -> ERR_POLICY_ACTIVATION_CONFLICT
{
  severity_local: 'NOTICE',
  severity: 'NOTICE',
  code: '42P07',
  message: 'relation "career_recommendations" already exists, skipping',
  file: 'parse_utilcmd.c',
  line: '207',
  routine: 'transformCreateStmt'
}

stdout | test/career-policy-activation-atomicity.test.ts > CONDYN Career Analysis Protocol v4.0 - PHASE 4: ATOMIC POLICY ACTIVATION (TEST004D) > H. expected active = V1 but head already = V2 -> ERR_POLICY_ACTIVATION_CONFLICT
{
  severity_local: 'NOTICE',
  severity: 'NOTICE',
  code: '42P07',
  message: 'relation "career_decisions" already exists, skipping',
  file: 'parse_utilcmd.c',
  line: '207',
  routine: 'transformCreateStmt'
}

stdout | test/career-lifecycle-recovery.test.ts > CONDYN Career Analysis Protocol v4.0 - PHASE 4: RESTART & LINEAGE RECONSTRUCTION (TEST004C) > H/J. zero LLM calls during recovery + empty caches
{
  severity_local: 'NOTICE',
  severity: 'NOTICE',
  code: '42P07',
  message: 'relation "career_policy_families" already exists, skipping',
  file: 'parse_utilcmd.c',
  line: '207',
  routine: 'transformCreateStmt'
}

stdout | test/career-lifecycle-recovery.test.ts > CONDYN Career Analysis Protocol v4.0 - PHASE 4: RESTART & LINEAGE RECONSTRUCTION (TEST004C) > H/J. zero LLM calls during recovery + empty caches
{
  severity_local: 'NOTICE',
  severity: 'NOTICE',
  code: '42P07',
  message: 'relation "career_policy_promotions" already exists, skipping',
  file: 'parse_utilcmd.c',
  line: '207',
  routine: 'transformCreateStmt'
}

stdout | test/career-lifecycle-recovery.test.ts > CONDYN Career Analysis Protocol v4.0 - PHASE 4: RESTART & LINEAGE RECONSTRUCTION (TEST004C) > H/J. zero LLM calls during recovery + empty caches
{
  severity_local: 'NOTICE',
  severity: 'NOTICE',
  code: '42P07',
  message: 'relation "career_learning_proposals" already exists, skipping',
  file: 'parse_utilcmd.c',
  line: '207',
  routine: 'transformCreateStmt'
}

stdout | test/career-lifecycle-recovery.test.ts > CONDYN Career Analysis Protocol v4.0 - PHASE 4: RESTART & LINEAGE RECONSTRUCTION (TEST004C) > H/J. zero LLM calls during recovery + empty caches
{
  severity_local: 'NOTICE',
  severity: 'NOTICE',
  code: '42P07',
  message: 'relation "career_policy_evaluations" already exists, skipping',
  file: 'parse_utilcmd.c',
  line: '207',
  routine: 'transformCreateStmt'
}

stdout | test/career-policy-activation-atomicity.test.ts > CONDYN Career Analysis Protocol v4.0 - PHASE 4: ATOMIC POLICY ACTIVATION (TEST004D) > H. expected active = V1 but head already = V2 -> ERR_POLICY_ACTIVATION_CONFLICT
{
  severity_local: 'NOTICE',
  severity: 'NOTICE',
  code: '42P07',
  message: 'relation "career_commitments" already exists, skipping',
  file: 'parse_utilcmd.c',
  line: '207',
  routine: 'transformCreateStmt'
}

stdout | test/career-policy-activation-atomicity.test.ts > CONDYN Career Analysis Protocol v4.0 - PHASE 4: ATOMIC POLICY ACTIVATION (TEST004D) > H. expected active = V1 but head already = V2 -> ERR_POLICY_ACTIVATION_CONFLICT
{
  severity_local: 'NOTICE',
  severity: 'NOTICE',
  code: '42P07',
  message: 'relation "career_actions" already exists, skipping',
  file: 'parse_utilcmd.c',
  line: '207',
  routine: 'transformCreateStmt'
}

stdout | test/career-policy-activation-atomicity.test.ts > CONDYN Career Analysis Protocol v4.0 - PHASE 4: ATOMIC POLICY ACTIVATION (TEST004D) > H. expected active = V1 but head already = V2 -> ERR_POLICY_ACTIVATION_CONFLICT
{
  severity_local: 'NOTICE',
  severity: 'NOTICE',
  code: '42P07',
  message: 'relation "career_outcomes" already exists, skipping',
  file: 'parse_utilcmd.c',
  line: '207',
  routine: 'transformCreateStmt'
}

stdout | test/career-policy-activation-atomicity.test.ts > CONDYN Career Analysis Protocol v4.0 - PHASE 4: ATOMIC POLICY ACTIVATION (TEST004D) > H. expected active = V1 but head already = V2 -> ERR_POLICY_ACTIVATION_CONFLICT
{
  severity_local: 'NOTICE',
  severity: 'NOTICE',
  code: '42P07',
  message: 'relation "career_feedback" already exists, skipping',
  file: 'parse_utilcmd.c',
  line: '207',
  routine: 'transformCreateStmt'
}

stdout | test/career-policy-activation-atomicity.test.ts > CONDYN Career Analysis Protocol v4.0 - PHASE 4: ATOMIC POLICY ACTIVATION (TEST004D) > H. expected active = V1 but head already = V2 -> ERR_POLICY_ACTIVATION_CONFLICT
{
  severity_local: 'NOTICE',
  severity: 'NOTICE',
  code: '42P07',
  message: 'relation "career_attributions" already exists, skipping',
  file: 'parse_utilcmd.c',
  line: '207',
  routine: 'transformCreateStmt'
}

stdout | test/career-policy-activation-atomicity.test.ts > CONDYN Career Analysis Protocol v4.0 - PHASE 4: ATOMIC POLICY ACTIVATION (TEST004D) > H. expected active = V1 but head already = V2 -> ERR_POLICY_ACTIVATION_CONFLICT
{
  severity_local: 'NOTICE',
  severity: 'NOTICE',
  code: '42P07',
  message: 'relation "career_policy_versions" already exists, skipping',
  file: 'parse_utilcmd.c',
  line: '207',
  routine: 'transformCreateStmt'
}

stdout | test/career-policy-activation-atomicity.test.ts > CONDYN Career Analysis Protocol v4.0 - PHASE 4: ATOMIC POLICY ACTIVATION (TEST004D) > H. expected active = V1 but head already = V2 -> ERR_POLICY_ACTIVATION_CONFLICT
{
  severity_local: 'NOTICE',
  severity: 'NOTICE',
  code: '42P07',
  message: 'relation "career_policy_families" already exists, skipping',
  file: 'parse_utilcmd.c',
  line: '207',
  routine: 'transformCreateStmt'
}

stdout | test/career-policy-activation-atomicity.test.ts > CONDYN Career Analysis Protocol v4.0 - PHASE 4: ATOMIC POLICY ACTIVATION (TEST004D) > H. expected active = V1 but head already = V2 -> ERR_POLICY_ACTIVATION_CONFLICT
{
  severity_local: 'NOTICE',
  severity: 'NOTICE',
  code: '42P07',
  message: 'relation "career_policy_promotions" already exists, skipping',
  file: 'parse_utilcmd.c',
  line: '207',
  routine: 'transformCreateStmt'
}

stdout | test/career-policy-activation-atomicity.test.ts > CONDYN Career Analysis Protocol v4.0 - PHASE 4: ATOMIC POLICY ACTIVATION (TEST004D) > H. expected active = V1 but head already = V2 -> ERR_POLICY_ACTIVATION_CONFLICT
{
  severity_local: 'NOTICE',
  severity: 'NOTICE',
  code: '42P07',
  message: 'relation "career_learning_proposals" already exists, skipping',
  file: 'parse_utilcmd.c',
  line: '207',
  routine: 'transformCreateStmt'
}

stdout | test/career-policy-activation-atomicity.test.ts > CONDYN Career Analysis Protocol v4.0 - PHASE 4: ATOMIC POLICY ACTIVATION (TEST004D) > H. expected active = V1 but head already = V2 -> ERR_POLICY_ACTIVATION_CONFLICT
{
  severity_local: 'NOTICE',
  severity: 'NOTICE',
  code: '42P07',
  message: 'relation "career_policy_evaluations" already exists, skipping',
  file: 'parse_utilcmd.c',
  line: '207',
  routine: 'transformCreateStmt'
}

 ❯ test/career-lifecycle-recovery.test.ts (6 tests | 5 failed) 2314ms
   × CONDYN Career Analysis Protocol v4.0 - PHASE 4: RESTART & LINEAGE RECONSTRUCTION (TEST004C) > A/B/C/K. complete persisted lifecycle -> exact reconstruction with all IDs/timestamps preserved 113ms
     → Failed query: DELETE FROM career_policy_versions
params: 
   × CONDYN Career Analysis Protocol v4.0 - PHASE 4: RESTART & LINEAGE RECONSTRUCTION (TEST004C) > D. Recommendation policy binding preserved 1995ms
     → Failed query: DELETE FROM career_policy_versions
params: 
   × CONDYN Career Analysis Protocol v4.0 - PHASE 4: RESTART & LINEAGE RECONSTRUCTION (TEST004C) > E. Evidence -> Document -> Source provenance preserved 74ms
     → ERR_UNKNOWN_DECISION
   ✓ CONDYN Career Analysis Protocol v4.0 - PHASE 4: RESTART & LINEAGE RECONSTRUCTION (TEST004C) > F. missing parent artifact -> ERR_LIFECYCLE_RECOVERY_BROKEN_LINEAGE 37ms
   × CONDYN Career Analysis Protocol v4.0 - PHASE 4: RESTART & LINEAGE RECONSTRUCTION (TEST004C) > G. tampered JSONB -> ERR_PERSISTED_ARTIFACT_INTEGRITY 39ms
     → ERR_UNKNOWN_DECISION
   × CONDYN Career Analysis Protocol v4.0 - PHASE 4: RESTART & LINEAGE RECONSTRUCTION (TEST004C) > H/J. zero LLM calls during recovery + empty caches 54ms
     → ERR_UNKNOWN_DECISION
stdout | test/career-policy-activation-atomicity.test.ts > CONDYN Career Analysis Protocol v4.0 - PHASE 4: ATOMIC POLICY ACTIVATION (TEST004D) > I. two concurrent promotions from same revision -> exactly one succeeds
{
  severity_local: 'NOTICE',
  severity: 'NOTICE',
  code: '42P07',
  message: 'relation "career_analyses" already exists, skipping',
  file: 'parse_utilcmd.c',
  line: '207',
  routine: 'transformCreateStmt'
}

stdout | test/career-policy-activation-atomicity.test.ts > CONDYN Career Analysis Protocol v4.0 - PHASE 4: ATOMIC POLICY ACTIVATION (TEST004D) > I. two concurrent promotions from same revision -> exactly one succeeds
{
  severity_local: 'NOTICE',
  severity: 'NOTICE',
  code: '42P07',
  message: 'relation "career_recommendations" already exists, skipping',
  file: 'parse_utilcmd.c',
  line: '207',
  routine: 'transformCreateStmt'
}

stdout | test/career-policy-activation-atomicity.test.ts > CONDYN Career Analysis Protocol v4.0 - PHASE 4: ATOMIC POLICY ACTIVATION (TEST004D) > I. two concurrent promotions from same revision -> exactly one succeeds
{
  severity_local: 'NOTICE',
  severity: 'NOTICE',
  code: '42P07',
  message: 'relation "career_decisions" already exists, skipping',
  file: 'parse_utilcmd.c',
  line: '207',
  routine: 'transformCreateStmt'
}

stdout | test/career-policy-activation-atomicity.test.ts > CONDYN Career Analysis Protocol v4.0 - PHASE 4: ATOMIC POLICY ACTIVATION (TEST004D) > I. two concurrent promotions from same revision -> exactly one succeeds
{
  severity_local: 'NOTICE',
  severity: 'NOTICE',
  code: '42P07',
  message: 'relation "career_commitments" already exists, skipping',
  file: 'parse_utilcmd.c',
  line: '207',
  routine: 'transformCreateStmt'
}

stdout | test/career-policy-activation-atomicity.test.ts > CONDYN Career Analysis Protocol v4.0 - PHASE 4: ATOMIC POLICY ACTIVATION (TEST004D) > I. two concurrent promotions from same revision -> exactly one succeeds
{
  severity_local: 'NOTICE',
  severity: 'NOTICE',
  code: '42P07',
  message: 'relation "career_actions" already exists, skipping',
  file: 'parse_utilcmd.c',
  line: '207',
  routine: 'transformCreateStmt'
}

stdout | test/career-policy-activation-atomicity.test.ts > CONDYN Career Analysis Protocol v4.0 - PHASE 4: ATOMIC POLICY ACTIVATION (TEST004D) > I. two concurrent promotions from same revision -> exactly one succeeds
{
  severity_local: 'NOTICE',
  severity: 'NOTICE',
  code: '42P07',
  message: 'relation "career_outcomes" already exists, skipping',
  file: 'parse_utilcmd.c',
  line: '207',
  routine: 'transformCreateStmt'
}

stdout | test/career-policy-activation-atomicity.test.ts > CONDYN Career Analysis Protocol v4.0 - PHASE 4: ATOMIC POLICY ACTIVATION (TEST004D) > I. two concurrent promotions from same revision -> exactly one succeeds
{
  severity_local: 'NOTICE',
  severity: 'NOTICE',
  code: '42P07',
  message: 'relation "career_feedback" already exists, skipping',
  file: 'parse_utilcmd.c',
  line: '207',
  routine: 'transformCreateStmt'
}

stdout | test/career-policy-activation-atomicity.test.ts > CONDYN Career Analysis Protocol v4.0 - PHASE 4: ATOMIC POLICY ACTIVATION (TEST004D) > I. two concurrent promotions from same revision -> exactly one succeeds
{
  severity_local: 'NOTICE',
  severity: 'NOTICE',
  code: '42P07',
  message: 'relation "career_attributions" already exists, skipping',
  file: 'parse_utilcmd.c',
  line: '207',
  routine: 'transformCreateStmt'
}

stdout | test/career-policy-activation-atomicity.test.ts > CONDYN Career Analysis Protocol v4.0 - PHASE 4: ATOMIC POLICY ACTIVATION (TEST004D) > I. two concurrent promotions from same revision -> exactly one succeeds
{
  severity_local: 'NOTICE',
  severity: 'NOTICE',
  code: '42P07',
  message: 'relation "career_policy_versions" already exists, skipping',
  file: 'parse_utilcmd.c',
  line: '207',
  routine: 'transformCreateStmt'
}

stdout | test/career-policy-activation-atomicity.test.ts > CONDYN Career Analysis Protocol v4.0 - PHASE 4: ATOMIC POLICY ACTIVATION (TEST004D) > I. two concurrent promotions from same revision -> exactly one succeeds
{
  severity_local: 'NOTICE',
  severity: 'NOTICE',
  code: '42P07',
  message: 'relation "career_policy_families" already exists, skipping',
  file: 'parse_utilcmd.c',
  line: '207',
  routine: 'transformCreateStmt'
}

stdout | test/career-policy-activation-atomicity.test.ts > CONDYN Career Analysis Protocol v4.0 - PHASE 4: ATOMIC POLICY ACTIVATION (TEST004D) > I. two concurrent promotions from same revision -> exactly one succeeds
{
  severity_local: 'NOTICE',
  severity: 'NOTICE',
  code: '42P07',
  message: 'relation "career_policy_promotions" already exists, skipping',
  file: 'parse_utilcmd.c',
  line: '207',
  routine: 'transformCreateStmt'
}

stdout | test/career-policy-activation-atomicity.test.ts > CONDYN Career Analysis Protocol v4.0 - PHASE 4: ATOMIC POLICY ACTIVATION (TEST004D) > I. two concurrent promotions from same revision -> exactly one succeeds
{
  severity_local: 'NOTICE',
  severity: 'NOTICE',
  code: '42P07',
  message: 'relation "career_learning_proposals" already exists, skipping',
  file: 'parse_utilcmd.c',
  line: '207',
  routine: 'transformCreateStmt'
}

stdout | test/career-policy-activation-atomicity.test.ts > CONDYN Career Analysis Protocol v4.0 - PHASE 4: ATOMIC POLICY ACTIVATION (TEST004D) > I. two concurrent promotions from same revision -> exactly one succeeds
{
  severity_local: 'NOTICE',
  severity: 'NOTICE',
  code: '42P07',
  message: 'relation "career_policy_evaluations" already exists, skipping',
  file: 'parse_utilcmd.c',
  line: '207',
  routine: 'transformCreateStmt'
}

 ❯ test/career-lifecycle-postgres-persistence.test.ts (14 tests | 3 failed) 2396ms
   ✓ CONDYN Career Analysis Protocol v4.0 - PHASE 4: IMMUTABLE LIFECYCLE PERSISTENCE (TEST004B) > A. Recommendation save/load -> deepEqual 39ms
   × CONDYN Career Analysis Protocol v4.0 - PHASE 4: IMMUTABLE LIFECYCLE PERSISTENCE (TEST004B) > B. Decision save/load -> recommendation reference preserved 1030ms
     → Failed query: delete from "career_policy_versions"
params: 
   × CONDYN Career Analysis Protocol v4.0 - PHASE 4: IMMUTABLE LIFECYCLE PERSISTENCE (TEST004B) > C. Decision with unknown Recommendation -> FAIL 992ms
     → Failed query: delete from "career_policy_versions"
params: 
   ✓ CONDYN Career Analysis Protocol v4.0 - PHASE 4: IMMUTABLE LIFECYCLE PERSISTENCE (TEST004B) > D. Commitment with unknown Decision -> FAIL 18ms
   ✓ CONDYN Career Analysis Protocol v4.0 - PHASE 4: IMMUTABLE LIFECYCLE PERSISTENCE (TEST004B) > E. Action with unknown Commitment -> FAIL 10ms
   ✓ CONDYN Career Analysis Protocol v4.0 - PHASE 4: IMMUTABLE LIFECYCLE PERSISTENCE (TEST004B) > F. Outcome with unknown Action -> FAIL 20ms
   ✓ CONDYN Career Analysis Protocol v4.0 - PHASE 4: IMMUTABLE LIFECYCLE PERSISTENCE (TEST004B) > G. Feedback with unknown Outcome -> FAIL 24ms
   ✓ CONDYN Career Analysis Protocol v4.0 - PHASE 4: IMMUTABLE LIFECYCLE PERSISTENCE (TEST004B) > H. Attribution with unknown Feedback -> FAIL 16ms
   ✓ CONDYN Career Analysis Protocol v4.0 - PHASE 4: IMMUTABLE LIFECYCLE PERSISTENCE (TEST004B) > I. same ID + identical payload -> IDEMPOTENT 15ms
   ✓ CONDYN Career Analysis Protocol v4.0 - PHASE 4: IMMUTABLE LIFECYCLE PERSISTENCE (TEST004B) > J. same ID + reordered object keys -> IDEMPOTENT 12ms
   ✓ CONDYN Career Analysis Protocol v4.0 - PHASE 4: IMMUTABLE LIFECYCLE PERSISTENCE (TEST004B) > K. same ID + modified semantic payload -> ERR_IMMUTABLE_RECORD_CONFLICT 13ms
   ✓ CONDYN Career Analysis Protocol v4.0 - PHASE 4: IMMUTABLE LIFECYCLE PERSISTENCE (TEST004B) > L. save V1 Policy -> save V2 Policy -> V1 unchanged 20ms
   × CONDYN Career Analysis Protocol v4.0 - PHASE 4: IMMUTABLE LIFECYCLE PERSISTENCE (TEST004B) > M. Decision recommendationSnapshot differs from referenced Recommendation -> FAIL 29ms
     → expected [Function] to throw error including 'ERR_RECOMMENDATION_SNAPSHOT_MISMATCH' but got 'ERR_UNKNOWN_RECOMMENDATION'
   ✓ CONDYN Career Analysis Protocol v4.0 - PHASE 4: IMMUTABLE LIFECYCLE PERSISTENCE (TEST004B) > N. save complete lifecycle -> reload each artifact -> exact lineage reconstructable 80ms
stdout | test/career-policy-activation-atomicity.test.ts > CONDYN Career Analysis Protocol v4.0 - PHASE 4: ATOMIC POLICY ACTIVATION (TEST004D) > M. same promotion request retry -> idempotent
{
  severity_local: 'NOTICE',
  severity: 'NOTICE',
  code: '42P07',
  message: 'relation "career_analyses" already exists, skipping',
  file: 'parse_utilcmd.c',
  line: '207',
  routine: 'transformCreateStmt'
}

stdout | test/career-policy-activation-atomicity.test.ts > CONDYN Career Analysis Protocol v4.0 - PHASE 4: ATOMIC POLICY ACTIVATION (TEST004D) > M. same promotion request retry -> idempotent
{
  severity_local: 'NOTICE',
  severity: 'NOTICE',
  code: '42P07',
  message: 'relation "career_recommendations" already exists, skipping',
  file: 'parse_utilcmd.c',
  line: '207',
  routine: 'transformCreateStmt'
}

stdout | test/career-policy-activation-atomicity.test.ts > CONDYN Career Analysis Protocol v4.0 - PHASE 4: ATOMIC POLICY ACTIVATION (TEST004D) > M. same promotion request retry -> idempotent
{
  severity_local: 'NOTICE',
  severity: 'NOTICE',
  code: '42P07',
  message: 'relation "career_decisions" already exists, skipping',
  file: 'parse_utilcmd.c',
  line: '207',
  routine: 'transformCreateStmt'
}

stdout | test/career-policy-activation-atomicity.test.ts > CONDYN Career Analysis Protocol v4.0 - PHASE 4: ATOMIC POLICY ACTIVATION (TEST004D) > M. same promotion request retry -> idempotent
{
  severity_local: 'NOTICE',
  severity: 'NOTICE',
  code: '42P07',
  message: 'relation "career_commitments" already exists, skipping',
  file: 'parse_utilcmd.c',
  line: '207',
  routine: 'transformCreateStmt'
}

stdout | test/career-policy-activation-atomicity.test.ts > CONDYN Career Analysis Protocol v4.0 - PHASE 4: ATOMIC POLICY ACTIVATION (TEST004D) > M. same promotion request retry -> idempotent
{
  severity_local: 'NOTICE',
  severity: 'NOTICE',
  code: '42P07',
  message: 'relation "career_actions" already exists, skipping',
  file: 'parse_utilcmd.c',
  line: '207',
  routine: 'transformCreateStmt'
}

stdout | test/career-policy-activation-atomicity.test.ts > CONDYN Career Analysis Protocol v4.0 - PHASE 4: ATOMIC POLICY ACTIVATION (TEST004D) > M. same promotion request retry -> idempotent
{
  severity_local: 'NOTICE',
  severity: 'NOTICE',
  code: '42P07',
  message: 'relation "career_outcomes" already exists, skipping',
  file: 'parse_utilcmd.c',
  line: '207',
  routine: 'transformCreateStmt'
}

stdout | test/career-policy-activation-atomicity.test.ts > CONDYN Career Analysis Protocol v4.0 - PHASE 4: ATOMIC POLICY ACTIVATION (TEST004D) > M. same promotion request retry -> idempotent
{
  severity_local: 'NOTICE',
  severity: 'NOTICE',
  code: '42P07',
  message: 'relation "career_feedback" already exists, skipping',
  file: 'parse_utilcmd.c',
  line: '207',
  routine: 'transformCreateStmt'
}

stdout | test/career-policy-activation-atomicity.test.ts > CONDYN Career Analysis Protocol v4.0 - PHASE 4: ATOMIC POLICY ACTIVATION (TEST004D) > M. same promotion request retry -> idempotent
{
  severity_local: 'NOTICE',
  severity: 'NOTICE',
  code: '42P07',
  message: 'relation "career_attributions" already exists, skipping',
  file: 'parse_utilcmd.c',
  line: '207',
  routine: 'transformCreateStmt'
}

stdout | test/career-policy-activation-atomicity.test.ts > CONDYN Career Analysis Protocol v4.0 - PHASE 4: ATOMIC POLICY ACTIVATION (TEST004D) > M. same promotion request retry -> idempotent
{
  severity_local: 'NOTICE',
  severity: 'NOTICE',
  code: '42P07',
  message: 'relation "career_policy_versions" already exists, skipping',
  file: 'parse_utilcmd.c',
  line: '207',
  routine: 'transformCreateStmt'
}

stdout | test/career-policy-activation-atomicity.test.ts > CONDYN Career Analysis Protocol v4.0 - PHASE 4: ATOMIC POLICY ACTIVATION (TEST004D) > M. same promotion request retry -> idempotent
{
  severity_local: 'NOTICE',
  severity: 'NOTICE',
  code: '42P07',
  message: 'relation "career_policy_families" already exists, skipping',
  file: 'parse_utilcmd.c',
  line: '207',
  routine: 'transformCreateStmt'
}

stdout | test/career-policy-activation-atomicity.test.ts > CONDYN Career Analysis Protocol v4.0 - PHASE 4: ATOMIC POLICY ACTIVATION (TEST004D) > M. same promotion request retry -> idempotent
{
  severity_local: 'NOTICE',
  severity: 'NOTICE',
  code: '42P07',
  message: 'relation "career_policy_promotions" already exists, skipping',
  file: 'parse_utilcmd.c',
  line: '207',
  routine: 'transformCreateStmt'
}

stdout | test/career-policy-activation-atomicity.test.ts > CONDYN Career Analysis Protocol v4.0 - PHASE 4: ATOMIC POLICY ACTIVATION (TEST004D) > M. same promotion request retry -> idempotent
{
  severity_local: 'NOTICE',
  severity: 'NOTICE',
  code: '42P07',
  message: 'relation "career_learning_proposals" already exists, skipping',
  file: 'parse_utilcmd.c',
  line: '207',
  routine: 'transformCreateStmt'
}

stdout | test/career-policy-activation-atomicity.test.ts > CONDYN Career Analysis Protocol v4.0 - PHASE 4: ATOMIC POLICY ACTIVATION (TEST004D) > M. same promotion request retry -> idempotent
{
  severity_local: 'NOTICE',
  severity: 'NOTICE',
  code: '42P07',
  message: 'relation "career_policy_evaluations" already exists, skipping',
  file: 'parse_utilcmd.c',
  line: '207',
  routine: 'transformCreateStmt'
}

stdout | test/career-policy-activation-atomicity.test.ts > CONDYN Career Analysis Protocol v4.0 - PHASE 4: ATOMIC POLICY ACTIVATION (TEST004D) > N. same promotion ID conflicting payload -> FAIL
{
  severity_local: 'NOTICE',
  severity: 'NOTICE',
  code: '42P07',
  message: 'relation "career_analyses" already exists, skipping',
  file: 'parse_utilcmd.c',
  line: '207',
  routine: 'transformCreateStmt'
}

stdout | test/career-policy-activation-atomicity.test.ts > CONDYN Career Analysis Protocol v4.0 - PHASE 4: ATOMIC POLICY ACTIVATION (TEST004D) > N. same promotion ID conflicting payload -> FAIL
{
  severity_local: 'NOTICE',
  severity: 'NOTICE',
  code: '42P07',
  message: 'relation "career_recommendations" already exists, skipping',
  file: 'parse_utilcmd.c',
  line: '207',
  routine: 'transformCreateStmt'
}

stdout | test/career-policy-activation-atomicity.test.ts > CONDYN Career Analysis Protocol v4.0 - PHASE 4: ATOMIC POLICY ACTIVATION (TEST004D) > N. same promotion ID conflicting payload -> FAIL
{
  severity_local: 'NOTICE',
  severity: 'NOTICE',
  code: '42P07',
  message: 'relation "career_decisions" already exists, skipping',
  file: 'parse_utilcmd.c',
  line: '207',
  routine: 'transformCreateStmt'
}

stdout | test/career-policy-activation-atomicity.test.ts > CONDYN Career Analysis Protocol v4.0 - PHASE 4: ATOMIC POLICY ACTIVATION (TEST004D) > N. same promotion ID conflicting payload -> FAIL
{
  severity_local: 'NOTICE',
  severity: 'NOTICE',
  code: '42P07',
  message: 'relation "career_commitments" already exists, skipping',
  file: 'parse_utilcmd.c',
  line: '207',
  routine: 'transformCreateStmt'
}

stdout | test/career-policy-activation-atomicity.test.ts > CONDYN Career Analysis Protocol v4.0 - PHASE 4: ATOMIC POLICY ACTIVATION (TEST004D) > N. same promotion ID conflicting payload -> FAIL
{
  severity_local: 'NOTICE',
  severity: 'NOTICE',
  code: '42P07',
  message: 'relation "career_actions" already exists, skipping',
  file: 'parse_utilcmd.c',
  line: '207',
  routine: 'transformCreateStmt'
}

stdout | test/career-policy-activation-atomicity.test.ts > CONDYN Career Analysis Protocol v4.0 - PHASE 4: ATOMIC POLICY ACTIVATION (TEST004D) > N. same promotion ID conflicting payload -> FAIL
{
  severity_local: 'NOTICE',
  severity: 'NOTICE',
  code: '42P07',
  message: 'relation "career_outcomes" already exists, skipping',
  file: 'parse_utilcmd.c',
  line: '207',
  routine: 'transformCreateStmt'
}

stdout | test/career-policy-activation-atomicity.test.ts > CONDYN Career Analysis Protocol v4.0 - PHASE 4: ATOMIC POLICY ACTIVATION (TEST004D) > N. same promotion ID conflicting payload -> FAIL
{
  severity_local: 'NOTICE',
  severity: 'NOTICE',
  code: '42P07',
  message: 'relation "career_feedback" already exists, skipping',
  file: 'parse_utilcmd.c',
  line: '207',
  routine: 'transformCreateStmt'
}

stdout | test/career-policy-activation-atomicity.test.ts > CONDYN Career Analysis Protocol v4.0 - PHASE 4: ATOMIC POLICY ACTIVATION (TEST004D) > N. same promotion ID conflicting payload -> FAIL
{
  severity_local: 'NOTICE',
  severity: 'NOTICE',
  code: '42P07',
  message: 'relation "career_attributions" already exists, skipping',
  file: 'parse_utilcmd.c',
  line: '207',
  routine: 'transformCreateStmt'
}

stdout | test/career-policy-activation-atomicity.test.ts > CONDYN Career Analysis Protocol v4.0 - PHASE 4: ATOMIC POLICY ACTIVATION (TEST004D) > N. same promotion ID conflicting payload -> FAIL
{
  severity_local: 'NOTICE',
  severity: 'NOTICE',
  code: '42P07',
  message: 'relation "career_policy_versions" already exists, skipping',
  file: 'parse_utilcmd.c',
  line: '207',
  routine: 'transformCreateStmt'
}

stdout | test/career-policy-activation-atomicity.test.ts > CONDYN Career Analysis Protocol v4.0 - PHASE 4: ATOMIC POLICY ACTIVATION (TEST004D) > N. same promotion ID conflicting payload -> FAIL
{
  severity_local: 'NOTICE',
  severity: 'NOTICE',
  code: '42P07',
  message: 'relation "career_policy_families" already exists, skipping',
  file: 'parse_utilcmd.c',
  line: '207',
  routine: 'transformCreateStmt'
}

stdout | test/career-policy-activation-atomicity.test.ts > CONDYN Career Analysis Protocol v4.0 - PHASE 4: ATOMIC POLICY ACTIVATION (TEST004D) > N. same promotion ID conflicting payload -> FAIL
{
  severity_local: 'NOTICE',
  severity: 'NOTICE',
  code: '42P07',
  message: 'relation "career_policy_promotions" already exists, skipping',
  file: 'parse_utilcmd.c',
  line: '207',
  routine: 'transformCreateStmt'
}

stdout | test/career-policy-activation-atomicity.test.ts > CONDYN Career Analysis Protocol v4.0 - PHASE 4: ATOMIC POLICY ACTIVATION (TEST004D) > N. same promotion ID conflicting payload -> FAIL
{
  severity_local: 'NOTICE',
  severity: 'NOTICE',
  code: '42P07',
  message: 'relation "career_learning_proposals" already exists, skipping',
  file: 'parse_utilcmd.c',
  line: '207',
  routine: 'transformCreateStmt'
}

stdout | test/career-policy-activation-atomicity.test.ts > CONDYN Career Analysis Protocol v4.0 - PHASE 4: ATOMIC POLICY ACTIVATION (TEST004D) > N. same promotion ID conflicting payload -> FAIL
{
  severity_local: 'NOTICE',
  severity: 'NOTICE',
  code: '42P07',
  message: 'relation "career_policy_evaluations" already exists, skipping',
  file: 'parse_utilcmd.c',
  line: '207',
  routine: 'transformCreateStmt'
}

stdout | test/career-policy-activation-atomicity.test.ts > CONDYN Career Analysis Protocol v4.0 - PHASE 4: ATOMIC POLICY ACTIVATION (TEST004D) > O. promotion in family A -> family B unchanged
{
  severity_local: 'NOTICE',
  severity: 'NOTICE',
  code: '42P07',
  message: 'relation "career_analyses" already exists, skipping',
  file: 'parse_utilcmd.c',
  line: '207',
  routine: 'transformCreateStmt'
}

stdout | test/career-policy-activation-atomicity.test.ts > CONDYN Career Analysis Protocol v4.0 - PHASE 4: ATOMIC POLICY ACTIVATION (TEST004D) > O. promotion in family A -> family B unchanged
{
  severity_local: 'NOTICE',
  severity: 'NOTICE',
  code: '42P07',
  message: 'relation "career_recommendations" already exists, skipping',
  file: 'parse_utilcmd.c',
  line: '207',
  routine: 'transformCreateStmt'
}

stdout | test/career-policy-activation-atomicity.test.ts > CONDYN Career Analysis Protocol v4.0 - PHASE 4: ATOMIC POLICY ACTIVATION (TEST004D) > O. promotion in family A -> family B unchanged
{
  severity_local: 'NOTICE',
  severity: 'NOTICE',
  code: '42P07',
  message: 'relation "career_decisions" already exists, skipping',
  file: 'parse_utilcmd.c',
  line: '207',
  routine: 'transformCreateStmt'
}

stdout | test/career-policy-activation-atomicity.test.ts > CONDYN Career Analysis Protocol v4.0 - PHASE 4: ATOMIC POLICY ACTIVATION (TEST004D) > O. promotion in family A -> family B unchanged
{
  severity_local: 'NOTICE',
  severity: 'NOTICE',
  code: '42P07',
  message: 'relation "career_commitments" already exists, skipping',
  file: 'parse_utilcmd.c',
  line: '207',
  routine: 'transformCreateStmt'
}

stdout | test/career-policy-activation-atomicity.test.ts > CONDYN Career Analysis Protocol v4.0 - PHASE 4: ATOMIC POLICY ACTIVATION (TEST004D) > O. promotion in family A -> family B unchanged
{
  severity_local: 'NOTICE',
  severity: 'NOTICE',
  code: '42P07',
  message: 'relation "career_actions" already exists, skipping',
  file: 'parse_utilcmd.c',
  line: '207',
  routine: 'transformCreateStmt'
}

stdout | test/career-policy-activation-atomicity.test.ts > CONDYN Career Analysis Protocol v4.0 - PHASE 4: ATOMIC POLICY ACTIVATION (TEST004D) > O. promotion in family A -> family B unchanged
{
  severity_local: 'NOTICE',
  severity: 'NOTICE',
  code: '42P07',
  message: 'relation "career_outcomes" already exists, skipping',
  file: 'parse_utilcmd.c',
  line: '207',
  routine: 'transformCreateStmt'
}

stdout | test/career-policy-activation-atomicity.test.ts > CONDYN Career Analysis Protocol v4.0 - PHASE 4: ATOMIC POLICY ACTIVATION (TEST004D) > O. promotion in family A -> family B unchanged
{
  severity_local: 'NOTICE',
  severity: 'NOTICE',
  code: '42P07',
  message: 'relation "career_feedback" already exists, skipping',
  file: 'parse_utilcmd.c',
  line: '207',
  routine: 'transformCreateStmt'
}

stdout | test/career-policy-activation-atomicity.test.ts > CONDYN Career Analysis Protocol v4.0 - PHASE 4: ATOMIC POLICY ACTIVATION (TEST004D) > O. promotion in family A -> family B unchanged
{
  severity_local: 'NOTICE',
  severity: 'NOTICE',
  code: '42P07',
  message: 'relation "career_attributions" already exists, skipping',
  file: 'parse_utilcmd.c',
  line: '207',
  routine: 'transformCreateStmt'
}

stdout | test/career-policy-activation-atomicity.test.ts > CONDYN Career Analysis Protocol v4.0 - PHASE 4: ATOMIC POLICY ACTIVATION (TEST004D) > O. promotion in family A -> family B unchanged
{
  severity_local: 'NOTICE',
  severity: 'NOTICE',
  code: '42P07',
  message: 'relation "career_policy_versions" already exists, skipping',
  file: 'parse_utilcmd.c',
  line: '207',
  routine: 'transformCreateStmt'
}

stdout | test/career-policy-activation-atomicity.test.ts > CONDYN Career Analysis Protocol v4.0 - PHASE 4: ATOMIC POLICY ACTIVATION (TEST004D) > O. promotion in family A -> family B unchanged
{
  severity_local: 'NOTICE',
  severity: 'NOTICE',
  code: '42P07',
  message: 'relation "career_policy_families" already exists, skipping',
  file: 'parse_utilcmd.c',
  line: '207',
  routine: 'transformCreateStmt'
}

stdout | test/career-policy-activation-atomicity.test.ts > CONDYN Career Analysis Protocol v4.0 - PHASE 4: ATOMIC POLICY ACTIVATION (TEST004D) > O. promotion in family A -> family B unchanged
{
  severity_local: 'NOTICE',
  severity: 'NOTICE',
  code: '42P07',
  message: 'relation "career_policy_promotions" already exists, skipping',
  file: 'parse_utilcmd.c',
  line: '207',
  routine: 'transformCreateStmt'
}

stdout | test/career-policy-activation-atomicity.test.ts > CONDYN Career Analysis Protocol v4.0 - PHASE 4: ATOMIC POLICY ACTIVATION (TEST004D) > O. promotion in family A -> family B unchanged
{
  severity_local: 'NOTICE',
  severity: 'NOTICE',
  code: '42P07',
  message: 'relation "career_learning_proposals" already exists, skipping',
  file: 'parse_utilcmd.c',
  line: '207',
  routine: 'transformCreateStmt'
}

stdout | test/career-policy-activation-atomicity.test.ts > CONDYN Career Analysis Protocol v4.0 - PHASE 4: ATOMIC POLICY ACTIVATION (TEST004D) > O. promotion in family A -> family B unchanged
{
  severity_local: 'NOTICE',
  severity: 'NOTICE',
  code: '42P07',
  message: 'relation "career_policy_evaluations" already exists, skipping',
  file: 'parse_utilcmd.c',
  line: '207',
  routine: 'transformCreateStmt'
}

 ❯ test/career-policy-activation-atomicity.test.ts (10 tests | 1 failed) 2839ms
   ✓ CONDYN Career Analysis Protocol v4.0 - PHASE 4: ATOMIC POLICY ACTIVATION (TEST004D) > A. V1 active -> promote V2 -> head = V2 -> promotion record exists 226ms
   ✓ CONDYN Career Analysis Protocol v4.0 - PHASE 4: ATOMIC POLICY ACTIVATION (TEST004D) > B. V1 historical PolicyVersion unchanged  2092ms
   ✓ CONDYN Career Analysis Protocol v4.0 - PHASE 4: ATOMIC POLICY ACTIVATION (TEST004D) > E. promotion without actor -> FAIL 53ms
   ✓ CONDYN Career Analysis Protocol v4.0 - PHASE 4: ATOMIC POLICY ACTIVATION (TEST004D) > F. unknown candidate policy -> FAIL 47ms
   ✓ CONDYN Career Analysis Protocol v4.0 - PHASE 4: ATOMIC POLICY ACTIVATION (TEST004D) > G. policy from wrong family -> FAIL 46ms
   × CONDYN Career Analysis Protocol v4.0 - PHASE 4: ATOMIC POLICY ACTIVATION (TEST004D) > H. expected active = V1 but head already = V2 -> ERR_POLICY_ACTIVATION_CONFLICT 52ms
     → Failed query: insert into "career_policy_families" ("id", "active_policy_version_id", "revision", "updated_at") values ($1, $2, $3, $4)
params: FAM1,P1,1,2026-08-17T13:10:50.112Z
   ✓ CONDYN Career Analysis Protocol v4.0 - PHASE 4: ATOMIC POLICY ACTIVATION (TEST004D) > I. two concurrent promotions from same revision -> exactly one succeeds 115ms
   ✓ CONDYN Career Analysis Protocol v4.0 - PHASE 4: ATOMIC POLICY ACTIVATION (TEST004D) > M. same promotion request retry -> idempotent 56ms
   ✓ CONDYN Career Analysis Protocol v4.0 - PHASE 4: ATOMIC POLICY ACTIVATION (TEST004D) > N. same promotion ID conflicting payload -> FAIL 61ms
   ✓ CONDYN Career Analysis Protocol v4.0 - PHASE 4: ATOMIC POLICY ACTIVATION (TEST004D) > O. promotion in family A -> family B unchanged 88ms
 ✓ test/career-multi-model-failover.test.tsx (4 tests) 115ms
 ✓ test/career-reactflow-component.test.tsx (4 tests) 68ms
stderr | test/career-provider-switch.test.ts > CONDYN Career Analysis Protocol v1.0 - Step 9.4: Server-Side Provider Switch > should return structured error response with ERR_PROVIDER_FAILURE when GEMINI_API_KEY is missing during live provider execution
Fatal error in /api/career/analyze: Error: ERR_PROVIDER_FAILURE: Missing GEMINI_API_KEY environment variable or constructor option.
    at GeminiProvider.execute (/home/codi/Entwicklung/condyn-admin/lib/career/providers/gemini.ts:166:13)
    at executeCareerAnalysisPipeline (/home/codi/Entwicklung/condyn-admin/lib/career/pipeline.ts:80:36)
    at processTicksAndRejections (node:internal/process/task_queues:95:5)
    at POST (/home/codi/Entwicklung/condyn-admin/app/api/career/analyze/route.ts:105:30)
    at /home/codi/Entwicklung/condyn-admin/test/career-provider-switch.test.ts:64:17
    at file:///home/codi/Entwicklung/condyn-admin/node_modules/@vitest/runner/dist/chunk-hooks.js:752:20

 ✓ test/career-provider-switch.test.ts (5 tests) 48ms
stderr | test/career-analyze-multisource.test.ts > CONDYN Career Analysis Protocol v1.0 — Step 19d: Multi-Source API Route (`test/career-analyze-multisource.test.ts`) > should return HTTP 400 when url property is missing for website or github source
Fatal error in /api/career/analyze: Error: ERR_MISSING_SOURCE_URL: Missing url property for website source.
    at POST (/home/codi/Entwicklung/condyn-admin/app/api/career/analyze/route.ts:69:17)
    at processTicksAndRejections (node:internal/process/task_queues:95:5)
    at /home/codi/Entwicklung/condyn-admin/test/career-analyze-multisource.test.ts:137:20
    at file:///home/codi/Entwicklung/condyn-admin/node_modules/@vitest/runner/dist/chunk-hooks.js:752:20

stderr | test/career-analyze-multisource.test.ts > CONDYN Career Analysis Protocol v1.0 — Step 19d: Multi-Source API Route (`test/career-analyze-multisource.test.ts`) > should return HTTP 400 when url property is missing for website or github source
Fatal error in /api/career/analyze: Error: ERR_MISSING_SOURCE_URL: Missing url property for github source.
    at POST (/home/codi/Entwicklung/condyn-admin/app/api/career/analyze/route.ts:80:17)
    at processTicksAndRejections (node:internal/process/task_queues:95:5)
    at /home/codi/Entwicklung/condyn-admin/test/career-analyze-multisource.test.ts:151:19
    at file:///home/codi/Entwicklung/condyn-admin/node_modules/@vitest/runner/dist/chunk-hooks.js:752:20

stderr | test/career-analyze-multisource.test.ts > CONDYN Career Analysis Protocol v1.0 — Step 19d: Multi-Source API Route (`test/career-analyze-multisource.test.ts`) > should return HTTP 400 structured loader error when website URL is invalid
Fatal error in /api/career/analyze: Error: ERR_INVALID_WEBSITE_URL: Invalid or unsupported website URL "ftp://invalid-scheme.example.com". Must use http: or https:.
    at loadWebsiteDocument (/home/codi/Entwicklung/condyn-admin/lib/career/loaders/website.ts:69:11)
    at POST (/home/codi/Entwicklung/condyn-admin/app/api/career/analyze/route.ts:75:27)
    at processTicksAndRejections (node:internal/process/task_queues:95:5)
    at /home/codi/Entwicklung/condyn-admin/test/career-analyze-multisource.test.ts:166:17
    at file:///home/codi/Entwicklung/condyn-admin/node_modules/@vitest/runner/dist/chunk-hooks.js:752:20

stderr | test/career-analyze-multisource.test.ts > CONDYN Career Analysis Protocol v1.0 — Step 19d: Multi-Source API Route (`test/career-analyze-multisource.test.ts`) > should return HTTP 400 structured loader error when github URL is invalid
Fatal error in /api/career/analyze: Error: ERR_INVALID_GITHUB_URL: URL "https://gitlab.com/invalid/repo" must point to github.com.
    at parseGitHubRepoUrl (/home/codi/Entwicklung/condyn-admin/lib/career/loaders/github.ts:31:11)
    at loadGitHubRepositoryDocuments (/home/codi/Entwicklung/condyn-admin/lib/career/loaders/github.ts:89:27)
    at POST (/home/codi/Entwicklung/condyn-admin/app/api/career/analyze/route.ts:82:28)
    at processTicksAndRejections (node:internal/process/task_queues:95:5)
    at /home/codi/Entwicklung/condyn-admin/test/career-analyze-multisource.test.ts:183:17
    at file:///home/codi/Entwicklung/condyn-admin/node_modules/@vitest/runner/dist/chunk-hooks.js:752:20

 ✓ test/career-analyze-multisource.test.ts (7 tests) 105ms
 ✓ test/career-components.test.tsx (5 tests) 82ms
 ✓ test/career-pdf-payload-contract.test.ts (1 test) 118ms
 ✓ test/career-analysis.test.ts (12 tests) 58ms
 ✓ test/career-release-ui-hardening.test.tsx (4 tests) 51ms
 ✓ test/career-prompt-system.test.ts (5 tests) 54ms
 ✓ test/career-d3-force.test.ts (6 tests) 54ms
 ✓ test/career-graph-diff.test.ts (9 tests) 75ms
stderr | test/career-gemini-provider.test.ts > CONDYN Career Analysis Protocol v1.0 - Step 9: Gemini Inference Provider TDD > should cleanly encapsulate SDK and API errors into ERR_PROVIDER_FAILURE across cascade
==================================================
GEMINI REQUEST FAILURE
MODEL: gemini-2.0-flash
ATTEMPT: 1/4
STEP: 0
HTTP: UNKNOWN
CODE: UNKNOWN
STATUS: UNKNOWN
MESSAGE: HTTP 429 Too Many Requests - Quota exceeded
DETAILS: NONE

EXACT INPUT TOKENS: UNKNOWN
MODEL INPUT TOKEN LIMIT: UNKNOWN
MODEL OUTPUT TOKEN LIMIT: UNKNOWN
REQUESTED OUTPUT TOKENS: 65536
INPUT + REQUESTED OUTPUT: UNKNOWN

REQUEST:
responseMimeType: application/json
responseJsonSchema: YES
schemaBytes: 5619
schemaDepth: 12
schemaProperties: 80
schemaRefs: 8
schemaDefs: 1
schemaRootKeys: 5
systemPromptChars: 31
userPromptChars: 53
maxOutputTokens: 65536
temperature: 0.1
==================================================

stderr | test/career-gemini-provider.test.ts > CONDYN Career Analysis Protocol v1.0 - Step 9: Gemini Inference Provider TDD > should cleanly encapsulate SDK and API errors into ERR_PROVIDER_FAILURE across cascade
==================================================
GEMINI REQUEST FAILURE
MODEL: gemini-2.5-flash
ATTEMPT: 2/4
STEP: 0
HTTP: UNKNOWN
CODE: UNKNOWN
STATUS: UNKNOWN
MESSAGE: HTTP 429 Too Many Requests - Quota exceeded
DETAILS: NONE

EXACT INPUT TOKENS: UNKNOWN
MODEL INPUT TOKEN LIMIT: UNKNOWN
MODEL OUTPUT TOKEN LIMIT: UNKNOWN
REQUESTED OUTPUT TOKENS: 65536
INPUT + REQUESTED OUTPUT: UNKNOWN

REQUEST:
responseMimeType: application/json
responseJsonSchema: YES
schemaBytes: 5619
schemaDepth: 12
schemaProperties: 80
schemaRefs: 8
schemaDefs: 1
schemaRootKeys: 5
systemPromptChars: 31
userPromptChars: 53
maxOutputTokens: 65536
temperature: 0.1
==================================================

stderr | test/career-gemini-provider.test.ts > CONDYN Career Analysis Protocol v1.0 - Step 9: Gemini Inference Provider TDD > should cleanly encapsulate SDK and API errors into ERR_PROVIDER_FAILURE across cascade
==================================================
GEMINI REQUEST FAILURE
MODEL: gemini-1.5-pro
ATTEMPT: 3/4
STEP: 0
HTTP: UNKNOWN
CODE: UNKNOWN
STATUS: UNKNOWN
MESSAGE: HTTP 429 Too Many Requests - Quota exceeded
DETAILS: NONE

EXACT INPUT TOKENS: UNKNOWN
MODEL INPUT TOKEN LIMIT: UNKNOWN
MODEL OUTPUT TOKEN LIMIT: UNKNOWN
REQUESTED OUTPUT TOKENS: 65536
INPUT + REQUESTED OUTPUT: UNKNOWN

REQUEST:
responseMimeType: application/json
responseJsonSchema: YES
schemaBytes: 5619
schemaDepth: 12
schemaProperties: 80
schemaRefs: 8
schemaDefs: 1
schemaRootKeys: 5
systemPromptChars: 31
userPromptChars: 53
maxOutputTokens: 65536
temperature: 0.1
==================================================

stderr | test/career-gemini-provider.test.ts > CONDYN Career Analysis Protocol v1.0 - Step 9: Gemini Inference Provider TDD > should cleanly encapsulate SDK and API errors into ERR_PROVIDER_FAILURE across cascade
==================================================
GEMINI REQUEST FAILURE
MODEL: gemini-1.5-flash
ATTEMPT: 4/4
STEP: 0
HTTP: UNKNOWN
CODE: UNKNOWN
STATUS: UNKNOWN
MESSAGE: HTTP 429 Too Many Requests - Quota exceeded
DETAILS: NONE

EXACT INPUT TOKENS: UNKNOWN
MODEL INPUT TOKEN LIMIT: UNKNOWN
MODEL OUTPUT TOKEN LIMIT: UNKNOWN
REQUESTED OUTPUT TOKENS: 65536
INPUT + REQUESTED OUTPUT: UNKNOWN

REQUEST:
responseMimeType: application/json
responseJsonSchema: YES
schemaBytes: 5619
schemaDepth: 12
schemaProperties: 80
schemaRefs: 8
schemaDefs: 1
schemaRootKeys: 5
systemPromptChars: 31
userPromptChars: 53
maxOutputTokens: 65536
temperature: 0.1
==================================================

stderr | test/career-gemini-provider.test.ts > CONDYN Career Analysis Protocol v1.0 - Step 9: Gemini Inference Provider TDD > clamps maxOutputTokens to 65536 and diagnostic correctly reports it (BUG010E)
==================================================
GEMINI REQUEST FAILURE
MODEL: gemini-3.5-flash
ATTEMPT: 1/5
STEP: 0
HTTP: 400
CODE: INVALID_ARGUMENT
STATUS: 400
MESSAGE: Simulated rejection.
DETAILS: NONE

EXACT INPUT TOKENS: 12345
MODEL INPUT TOKEN LIMIT: 2000000
MODEL OUTPUT TOKEN LIMIT: 8192
REQUESTED OUTPUT TOKENS: 65536
INPUT + REQUESTED OUTPUT: 77881

REQUEST:
responseMimeType: application/json
responseJsonSchema: YES
schemaBytes: 5619
schemaDepth: 12
schemaProperties: 80
schemaRefs: 8
schemaDefs: 1
schemaRootKeys: 5
systemPromptChars: 31
userPromptChars: 53
maxOutputTokens: 65536
temperature: 0.1
==================================================

 ✓ test/career-gemini-provider.test.ts (8 tests) 94ms
 ✓ test/career-system-codex-modal.test.tsx (4 tests) 83ms
stderr | test/career-gemini-continuation.test.ts > BUG010M: Atomic Structured Retry Contract > TEST C — repeated structured truncation
==================================================
GEMINI REQUEST FAILURE
MODEL: gemini-3.5-flash
ATTEMPT: 1/5
STEP: 2
HTTP: UNKNOWN
CODE: UNKNOWN
STATUS: UNKNOWN
MESSAGE: ERR_PROVIDER_STRUCTURED_OUTPUT_TRUNCATED
DETAILS: NONE

EXACT INPUT TOKENS: UNKNOWN
MODEL INPUT TOKEN LIMIT: UNKNOWN
MODEL OUTPUT TOKEN LIMIT: UNKNOWN
REQUESTED OUTPUT TOKENS: 65536
INPUT + REQUESTED OUTPUT: UNKNOWN

REQUEST:
responseMimeType: application/json
responseJsonSchema: YES
schemaBytes: 5619
schemaDepth: 12
schemaProperties: 80
schemaRefs: 8
schemaDefs: 1
schemaRootKeys: 5
systemPromptChars: 3
userPromptChars: 3
maxOutputTokens: 65536
temperature: 0.1
==================================================

 ✓ test/career-gemini-continuation.test.ts (6 tests) 52ms
stderr | test/career-gemini-provider-error.test.ts > GeminiProvider Error Diagnostic Boundary > formats detailed bounded error diagnostics without leaking secrets (RED/GREEN)
==================================================
GEMINI REQUEST FAILURE
MODEL: gemini-test-model
ATTEMPT: 1/5
STEP: 0
HTTP: 400
CODE: INVALID_ARGUMENT
STATUS: 400
MESSAGE: Request contains an invalid argument.
DETAILS: [{"type":"type.googleapis.com/google.rpc.BadRequest"}]

EXACT INPUT TOKENS: 12345
MODEL INPUT TOKEN LIMIT: 2000000
MODEL OUTPUT TOKEN LIMIT: 8192
REQUESTED OUTPUT TOKENS: 65536
INPUT + REQUESTED OUTPUT: 77881

REQUEST:
responseMimeType: application/json
responseJsonSchema: YES
schemaBytes: 5619
schemaDepth: 12
schemaProperties: 80
schemaRefs: 8
schemaDefs: 1
schemaRootKeys: 5
systemPromptChars: 22
userPromptChars: 28
maxOutputTokens: 65536
temperature: 0.1
==================================================

 ✓ test/career-gemini-provider-error.test.ts (1 test) 38ms
 ✓ test/career-pdf-loader.test.ts (5 tests) 104ms
 ✓ test/career-gui-interaction-audit.test.tsx (4 tests) 51ms
 ✓ test/career-adapter.test.ts (11 tests) 54ms
 ✓ test/career-pdf-runtime-resolution.test.ts (1 test) 7443ms
   ✓ CONDYN Career Analysis Protocol v1.0 - BUG 009: Next.js Runtime PDF Worker Resolution > should successfully parse PDF in Next.js Turbopack runtime without pdf.worker.mjs resolution errors  2210ms
 ✓ test/career-analyze-recommendations.test.ts (4 tests) 146ms
 ✓ test/career-layout.test.ts (4 tests) 48ms
 ✓ test/career-canonical-assembly.test.ts (6 tests) 40ms
stderr | test/career-analyze-flow.test.ts > CONDYN Career Analysis Protocol v1.0 - Step 7.2: Server Boundary API Route > should reject document with empty content string with HTTP 400 Bad Request
Fatal error in /api/career/analyze: Error: ERR_EMPTY_CONTENT: Document content cannot be empty (Title: Empty Resume).
    at loadDocumentBatch (/home/codi/Entwicklung/condyn-admin/lib/career/loaders/batch.ts:91:17)
    at flushPendingBatch (/home/codi/Entwicklung/condyn-admin/app/api/career/analyze/route.ts:59:33)
    at POST (/home/codi/Entwicklung/condyn-admin/app/api/career/analyze/route.ts:102:11)
    at processTicksAndRejections (node:internal/process/task_queues:95:5)
    at /home/codi/Entwicklung/condyn-admin/test/career-analyze-flow.test.ts:36:17
    at file:///home/codi/Entwicklung/condyn-admin/node_modules/@vitest/runner/dist/chunk-hooks.js:752:20

 ✓ test/career-react-flow.test.ts (5 tests) 55ms
 ✓ test/career-analyze-flow.test.ts (3 tests) 110ms
 ✓ test/career-gemini-schema-projector.test.ts (7 tests) 57ms
 ✓ test/career-decision-graph-inspector.test.tsx (4 tests) 47ms
 ✓ test/career-ui-metrics-wiring.test.tsx (2 tests) 113ms
 ✓ test/career-semantic-search.test.ts (8 tests) 111ms
 ✓ test/career-pipeline-prompt-resolver.test.ts (3 tests) 136ms
 ✓ test/career-evidence-graph.test.ts (6 tests) 40ms
 ✓ test/career-trust-audit.test.tsx (6 tests) 61ms
 ✓ test/career-guided-onboarding.test.tsx (3 tests) 34ms
 ✓ test/career-release-benchmark.test.ts (3 tests) 39ms
 ✓ test/career-repository.test.ts (4 tests) 41ms
 ✓ test/career-ux-friction-audit.test.tsx (3 tests) 74ms
 ✓ test/career-prompt-registry.test.ts (9 tests) 76ms
 ✓ test/career-capability-requirement-alignment.test.ts (4 tests) 23ms
 ✓ test/career-pipeline-full-multisource.test.ts (1 test) 46ms
 ✓ test/career-gemini-structured-output.test.ts (1 test) 34ms
 ✓ test/career-company-pool.test.ts (7 tests) 53ms
 ✓ test/career-real-routes.test.ts (5 tests) 57ms
 ✓ test/career-deep-sweep-prompt.test.ts (5 tests) 45ms
 ✓ test/career-analyze-page.test.tsx (3 tests) 84ms
 ✓ test/career-ui-adapter.test.ts (2 tests) 17ms
 ✓ test/career-pipeline-multi-source.test.ts (1 test) 33ms
 ✓ test/career-batch-ingestion.test.ts (7 tests) 37ms
 ✓ test/career-pgvector-store.test.ts (5 tests) 29ms
 ✓ test/career-ui-source-presentation-wiring.test.tsx (1 test) 34ms
 ✓ test/career-commitment-action-boundary.test.ts (12 tests) 25ms
stdout | test/career-gemini-live-probe.test.ts > BUG 010: Gemini Schema Acceptance (LIVE PROBE) > should successfully generate content using the projected Gemini schema
Skipping live probe (RUN_GEMINI_LIVE_PROBE not set)

 ✓ test/career-gemini-live-probe.test.ts (1 test) 8ms
 ✓ test/career-gemini-adapter.test.ts (4 tests) 30ms
 ✓ test/career-feedback-attribution-boundary.test.ts (13 tests) 20ms
 ✓ test/career-job-mapping-engine.test.ts (6 tests) 35ms
 ✓ test/career-pipeline-website.test.ts (1 test) 56ms
 ✓ test/career-score-provenance.test.ts (5 tests) 13ms
 ✓ test/career-assembly.test.ts (8 tests) 29ms
 ✓ test/career-role-extraction.test.ts (4 tests) 42ms
 ✓ test/career-gemini-embedding-provider.test.ts (7 tests) 28ms
stdout | test/career-perception.test.ts > CONDYN Career Analysis Protocol v1.0 - Step 5.1: Topology Projection Mapper (`projectTopology`) > should project canonical model into TopologyProjection without mutating domain scores or labels
PRESENTATION: {
  "semantic_graph": {
    "nodes": [
      {
        "node_id": "CAP_001",
        "entity_type": "CAPABILITY",
        "weight": 0.95
      },
      {
        "node_id": "ORG_001",
        "entity_type": "CONCRETE_ORGANIZATION",
        "weight": 0.94
      },
      {
        "node_id": "ROL_001",
        "entity_type": "ROLE",
        "weight": 0.92
      }
    ],
    "edges": [
      {
        "source_id": "ORG_001",
        "target_id": "CAP_001",
        "interaction_force": 0.89
      },
      {
        "source_id": "ROL_001",
        "target_id": "ORG_001",
        "interaction_force": 0.95
      }
    ]
  },
  "ui_layout": {
    "center_node_id": "CAP_001",
    "concentric_rings": [
      {
        "ring_index": 0,
        "name": "Core Capabilities",
        "node_ids": [
          "CAP_001"
        ]
      },
      {
        "ring_index": 1,
        "name": "Target Organizations",
        "node_ids": [
          "ORG_001"
        ]
      },
      {
        "ring_index": 2,
        "name": "Target Roles",
        "node_ids": [
          "ROL_001"
        ]
      }
    ],
    "color_tokens": {
      "CAPABILITY": "#1565C0",
      "CONCRETE_ORGANIZATION": "#4CAF50"
    },
    "priority_groups": [
      {
        "group_id": "GRP_TOP_RESONANCE",
        "label": "Immediate Market Match",
        "node_ids": [
          "ORG_001"
        ]
      }
    ]
  }
}

 ✓ test/career-perception.test.ts (4 tests) 36ms
 ✓ test/career-pipeline.test.ts (7 tests) 52ms
 ✓ test/career-gemini-inference-scope.test.ts (1 test) 19ms
 ✓ test/career-action-outcome-boundary.test.ts (5 tests) 14ms
 ✓ test/career-learning-policy-boundary.test.ts (9 tests) 19ms
 ✓ test/career-pipeline-github.test.ts (1 test) 28ms
 ✓ test/career-recommendation-engine.test.ts (6 tests) 23ms
 ✓ test/career-api-integration.test.ts (2 tests) 22ms
 ✓ test/career-release-edge-cases.test.ts (4 tests) 23ms
 ✓ test/career-view-model.test.ts (4 tests) 32ms
 ✓ test/career-recommendation-proof-chain.test.ts (7 tests) 18ms
 ✓ test/career-decision-integrity.test.ts (5 tests) 24ms
 ✓ test/career-release-e2e.test.ts (3 tests) 16ms
 ✓ test/career-confidence-propagation.test.ts (6 tests) 15ms
 ✓ test/career-website-loader.test.ts (6 tests) 25ms
 ✓ test/career-github-loader.test.ts (7 tests) 29ms
 ✓ test/career-ui-source-presentation.test.ts (1 test) 19ms
 ✓ test/career-capability-convergence.test.ts (5 tests) 14ms
 ✓ test/career-evidence-highlight.test.ts (3 tests) 14ms
 ✓ test/career-decision-boundary.test.ts (8 tests) 22ms
 ✓ test/career-source-metadata.test.ts (6 tests) 27ms
 ✓ test/career-ui-cluster-metrics-wiring.test.ts (1 test) 8ms
 ✓ test/career-capability-proof-chain.test.ts (6 tests) 17ms
 ✓ test/career-section-workflow.test.ts (2 tests) 12ms
 ✓ test/career-prompt-contract.test.ts (2 tests) 12ms
 ↓ test/career-gemini-embedding-live.test.ts (1 test | 1 skipped)
 ↓ test/career-gemini-probe.test.ts (1 test | 1 skipped)
 ↓ test/career-gemini-live.test.ts (1 test | 1 skipped)
 ↓ test/career-gemini-request-boundary.test.ts (1 test | 1 skipped)
 ↓ test/career-gemini-schema-bisection.test.ts (1 test | 1 skipped)
 ↓ test/gemini-token-limit-matrix.test.ts (1 test | 1 skipped)
 ↓ test/schema-bisection.test.ts (1 test | 1 skipped)
 ↓ test/career-forensic-pdf.test.ts (1 test | 1 skipped)

⎯⎯⎯⎯⎯⎯⎯ Failed Tests 9 ⎯⎯⎯⎯⎯⎯⎯

 FAIL  test/career-lifecycle-postgres-persistence.test.ts > CONDYN Career Analysis Protocol v4.0 - PHASE 4: IMMUTABLE LIFECYCLE PERSISTENCE (TEST004B) > B. Decision save/load -> recommendation reference preserved
 FAIL  test/career-lifecycle-postgres-persistence.test.ts > CONDYN Career Analysis Protocol v4.0 - PHASE 4: IMMUTABLE LIFECYCLE PERSISTENCE (TEST004B) > C. Decision with unknown Recommendation -> FAIL
Error: Failed query: delete from "career_policy_versions"
params: 
 ❯ PostgresJsPreparedQuery.queryWithCache node_modules/src/pg-core/session.ts:73:11
 ❯ test/career-lifecycle-postgres-persistence.test.ts:26:5
     24|     await db.delete(careerPolicyEvaluations);
     25|     await db.delete(careerLearningProposals);
     26|     await db.delete(careerPolicyVersions);
       |     ^
     27|     await db.delete(careerAttributions);
     28|     await db.delete(careerFeedback);

Caused by: PostgresError: deadlock detected
 ❯ ErrorResponse node_modules/postgres/src/connection.js:815:30
 ❯ handle node_modules/postgres/src/connection.js:489:6
 ❯ Socket.data node_modules/postgres/src/connection.js:324:9

⎯⎯⎯⎯⎯⎯⎯⎯⎯⎯⎯⎯⎯⎯⎯⎯⎯⎯⎯⎯⎯⎯⎯⎯⎯⎯⎯⎯⎯⎯
Serialized Error: { severity_local: 'ERROR', severity: 'ERROR', code: '40P01', detail: 'Process 157298 waits for ShareLock on transaction 2472; blocked by process 157284.\nProcess 157284 waits for ShareLock on transaction 2471; blocked by process 157298.', hint: 'See server log for query details.', where: 'while locking tuple (0,60) in relation "career_policy_families"\nSQL statement "SELECT 1 FROM ONLY "public"."career_policy_families" x WHERE $1 OPERATOR(pg_catalog.=) "active_policy_version_id" FOR KEY SHARE OF x"', file: 'deadlock.c', routine: 'DeadLockReport', query: 'delete from "career_policy_versions"', parameters: [], args: [], types: [] }
⎯⎯⎯⎯⎯⎯⎯⎯⎯⎯⎯⎯⎯⎯⎯⎯⎯⎯⎯⎯⎯⎯⎯⎯[1/9]⎯

 FAIL  test/career-lifecycle-postgres-persistence.test.ts > CONDYN Career Analysis Protocol v4.0 - PHASE 4: IMMUTABLE LIFECYCLE PERSISTENCE (TEST004B) > M. Decision recommendationSnapshot differs from referenced Recommendation -> FAIL
AssertionError: expected [Function] to throw error including 'ERR_RECOMMENDATION_SNAPSHOT_MISMATCH' but got 'ERR_UNKNOWN_RECOMMENDATION'

Expected: "ERR_RECOMMENDATION_SNAPSHOT_MISMATCH"
Received: "ERR_UNKNOWN_RECOMMENDATION"

 ❯ test/career-lifecycle-postgres-persistence.test.ts:179:5
    177|     (decision.recommendationSnapshot as any).recommendationState = "DO…
    178|     
    179|     await expect(repo.saveDecision(decision)).rejects.toThrow("ERR_REC…
       |     ^
    180|   });
    181| 

⎯⎯⎯⎯⎯⎯⎯⎯⎯⎯⎯⎯⎯⎯⎯⎯⎯⎯⎯⎯⎯⎯⎯⎯[2/9]⎯

 FAIL  test/career-lifecycle-recovery.test.ts > CONDYN Career Analysis Protocol v4.0 - PHASE 4: RESTART & LINEAGE RECONSTRUCTION (TEST004C) > A/B/C/K. complete persisted lifecycle -> exact reconstruction with all IDs/timestamps preserved
 FAIL  test/career-lifecycle-recovery.test.ts > CONDYN Career Analysis Protocol v4.0 - PHASE 4: RESTART & LINEAGE RECONSTRUCTION (TEST004C) > D. Recommendation policy binding preserved
Error: Failed query: DELETE FROM career_policy_versions
params: 
 ❯ PostgresJsPreparedQuery.queryWithCache node_modules/src/pg-core/session.ts:73:11
 ❯ test/career-lifecycle-recovery.test.ts:35:5
     33|     await db.execute(sql`DELETE FROM career_decisions`);
     34|     await db.execute(sql`DELETE FROM career_recommendations`);
     35|     await db.execute(sql`DELETE FROM career_policy_versions`);
       |     ^
     36|   });
     37| 

Caused by: PostgresError: update or delete on table "career_policy_versions" violates foreign key constraint "career_policy_families_active_policy_version_id_fkey" on table "career_policy_families"
 ❯ ErrorResponse node_modules/postgres/src/connection.js:815:30
 ❯ handle node_modules/postgres/src/connection.js:489:6
 ❯ Socket.data node_modules/postgres/src/connection.js:324:9

⎯⎯⎯⎯⎯⎯⎯⎯⎯⎯⎯⎯⎯⎯⎯⎯⎯⎯⎯⎯⎯⎯⎯⎯⎯⎯⎯⎯⎯⎯
Serialized Error: { severity_local: 'ERROR', severity: 'ERROR', code: '23503', detail: 'Key (id)=(P1) is still referenced from table "career_policy_families".', schema_name: 'public', table_name: 'career_policy_families', constraint_name: 'career_policy_families_active_policy_version_id_fkey', file: 'ri_triggers.c', routine: 'ri_ReportViolation', query: 'DELETE FROM career_policy_versions', parameters: [], args: [], types: [] }
⎯⎯⎯⎯⎯⎯⎯⎯⎯⎯⎯⎯⎯⎯⎯⎯⎯⎯⎯⎯⎯⎯⎯⎯[3/9]⎯

 FAIL  test/career-lifecycle-recovery.test.ts > CONDYN Career Analysis Protocol v4.0 - PHASE 4: RESTART & LINEAGE RECONSTRUCTION (TEST004C) > E. Evidence -> Document -> Source provenance preserved
Error: ERR_UNKNOWN_DECISION
 ❯ LifecycleRepository.idempotentSave lib/career/repositories/lifecycle.ts:38:45
     36|       if (errCause.code === '23503' || (errCause.message && errCause.m…
     37|         const msg = (errCause.constraint || errCause.message || "").to…
     38|         if (msg.includes("decision")) throw new Error("ERR_UNKNOWN_DEC…
       |                                             ^
     39|         if (msg.includes("recommendation")) throw new Error("ERR_UNKNO…
     40|         if (msg.includes("commitment")) throw new Error("ERR_UNKNOWN_C…
 ❯ LifecycleRepository.saveCommitment lib/career/repositories/lifecycle.ts:94:5
 ❯ populateCompleteLifecycle test/career-lifecycle-recovery.test.ts:81:5
 ❯ test/career-lifecycle-recovery.test.ts:135:29

⎯⎯⎯⎯⎯⎯⎯⎯⎯⎯⎯⎯⎯⎯⎯⎯⎯⎯⎯⎯⎯⎯⎯⎯[4/9]⎯

 FAIL  test/career-lifecycle-recovery.test.ts > CONDYN Career Analysis Protocol v4.0 - PHASE 4: RESTART & LINEAGE RECONSTRUCTION (TEST004C) > G. tampered JSONB -> ERR_PERSISTED_ARTIFACT_INTEGRITY
Error: ERR_UNKNOWN_DECISION
 ❯ LifecycleRepository.idempotentSave lib/career/repositories/lifecycle.ts:38:45
     36|       if (errCause.code === '23503' || (errCause.message && errCause.m…
     37|         const msg = (errCause.constraint || errCause.message || "").to…
     38|         if (msg.includes("decision")) throw new Error("ERR_UNKNOWN_DEC…
       |                                             ^
     39|         if (msg.includes("recommendation")) throw new Error("ERR_UNKNO…
     40|         if (msg.includes("commitment")) throw new Error("ERR_UNKNOWN_C…
 ❯ LifecycleRepository.saveDecision lib/career/repositories/lifecycle.ts:82:5
 ❯ populateCompleteLifecycle test/career-lifecycle-recovery.test.ts:78:5
 ❯ test/career-lifecycle-recovery.test.ts:151:24

⎯⎯⎯⎯⎯⎯⎯⎯⎯⎯⎯⎯⎯⎯⎯⎯⎯⎯⎯⎯⎯⎯⎯⎯[5/9]⎯

 FAIL  test/career-lifecycle-recovery.test.ts > CONDYN Career Analysis Protocol v4.0 - PHASE 4: RESTART & LINEAGE RECONSTRUCTION (TEST004C) > H/J. zero LLM calls during recovery + empty caches
Error: ERR_UNKNOWN_DECISION
 ❯ LifecycleRepository.idempotentSave lib/career/repositories/lifecycle.ts:38:45
     36|       if (errCause.code === '23503' || (errCause.message && errCause.m…
     37|         const msg = (errCause.constraint || errCause.message || "").to…
     38|         if (msg.includes("decision")) throw new Error("ERR_UNKNOWN_DEC…
       |                                             ^
     39|         if (msg.includes("recommendation")) throw new Error("ERR_UNKNO…
     40|         if (msg.includes("commitment")) throw new Error("ERR_UNKNOWN_C…
 ❯ LifecycleRepository.saveCommitment lib/career/repositories/lifecycle.ts:94:5
 ❯ populateCompleteLifecycle test/career-lifecycle-recovery.test.ts:81:5
 ❯ test/career-lifecycle-recovery.test.ts:161:26

⎯⎯⎯⎯⎯⎯⎯⎯⎯⎯⎯⎯⎯⎯⎯⎯⎯⎯⎯⎯⎯⎯⎯⎯[6/9]⎯

 FAIL  test/career-policy-activation-atomicity.test.ts > CONDYN Career Analysis Protocol v4.0 - PHASE 4: ATOMIC POLICY ACTIVATION (TEST004D) > H. expected active = V1 but head already = V2 -> ERR_POLICY_ACTIVATION_CONFLICT
Error: Failed query: insert into "career_policy_families" ("id", "active_policy_version_id", "revision", "updated_at") values ($1, $2, $3, $4)
params: FAM1,P1,1,2026-08-17T13:10:50.112Z
 ❯ PostgresJsPreparedQuery.queryWithCache node_modules/src/pg-core/session.ts:73:11
 ❯ lib/career/repositories/lifecycle.ts:255:9
    253|       if (currentRevision === 0) {
    254|         // Insert new family FIRST to satisfy FK constraints for promo…
    255|         await tx.insert(careerPolicyFamilies).values({
       |         ^
    256|           id: policyFamilyId,
    257|           activePolicyVersionId: candidatePolicyId,
 ❯ scope node_modules/postgres/src/index.js:260:18
 ❯ Function.begin node_modules/postgres/src/index.js:243:14
 ❯ LifecycleRepository.promotePolicy lib/career/repositories/lifecycle.ts:197:12
 ❯ test/career-policy-activation-atomicity.test.ts:82:5

Caused by: PostgresError: insert or update on table "career_policy_families" violates foreign key constraint "career_policy_families_active_policy_version_id_fkey"
 ❯ ErrorResponse node_modules/postgres/src/connection.js:815:30
 ❯ handle node_modules/postgres/src/connection.js:489:6
 ❯ Socket.data node_modules/postgres/src/connection.js:324:9

⎯⎯⎯⎯⎯⎯⎯⎯⎯⎯⎯⎯⎯⎯⎯⎯⎯⎯⎯⎯⎯⎯⎯⎯⎯⎯⎯⎯⎯⎯
Serialized Error: { severity_local: 'ERROR', severity: 'ERROR', code: '23503', detail: 'Key (active_policy_version_id)=(P1) is not present in table "career_policy_versions".', schema_name: 'public', table_name: 'career_policy_families', constraint_name: 'career_policy_families_active_policy_version_id_fkey', file: 'ri_triggers.c', routine: 'ri_ReportViolation', query: 'insert into "career_policy_families" ("id", "active_policy_version_id", "revision", "updated_at") values ($1, $2, $3, $4)', parameters: [ 'FAM1', 'P1', '1', '2026-08-17T13:10:50.112Z' ], args: [ 'FAM1', 'P1', 1, '2026-08-17T13:10:50.112Z' ], types: [ 25, 25, 23, 25 ] }
⎯⎯⎯⎯⎯⎯⎯⎯⎯⎯⎯⎯⎯⎯⎯⎯⎯⎯⎯⎯⎯⎯⎯⎯[7/9]⎯


 Test Files  3 failed | 87 passed | 8 skipped (98)
      Tests  9 failed | 436 passed | 8 skipped (453)
   Start at  15:10:46
   Duration  19.88s (transform 4.81s, setup 0ms, collect 57.89s, tests 19.43s, environment 52ms, prepare 20.75s)

